"../../../Engine/Plugins/Animation/ACLPlugin/Content/ACLAnimBoneCompressionSettings.uasset" 0
"../../../Engine/Plugins/Animation/ACLPlugin/Content/ACLAnimBoneCompressionSettings.uexp" 1
"../../../Engine/Plugins/2D/Paper2D/Content/PlaceholderTextures/DummySpriteTexture.ubulk" 2
"../../../Engine/Plugins/2D/Paper2D/Content/PlaceholderTextures/DummySpriteTexture.uasset" 3
"../../../Engine/Plugins/2D/Paper2D/Content/PlaceholderTextures/DummySpriteTexture.uexp" 4
"../../../Engine/Plugins/2D/Paper2D/Content/DummySprite.uasset" 5
"../../../Engine/Plugins/2D/Paper2D/Content/DummySprite.uexp" 6
"../../../Engine/Plugins/2D/Paper2D/Content/DefaultPaperTerrainMaterial.uasset" 7
"../../../Engine/Plugins/2D/Paper2D/Content/DefaultPaperTerrainMaterial.uexp" 8
"../../../Engine/Content/Animation/DefaultRecorderBoneCompression.uasset" 9
"../../../Engine/Content/Animation/DefaultRecorderBoneCompression.uexp" 10
"../../../Engine/Content/EngineMaterials/DefaultPhysicalMaterial.uasset" 11
"../../../Engine/Content/EngineMaterials/DefaultPhysicalMaterial.uexp" 12
"../../../Engine/Content/EngineMaterials/DefaultDestructiblePhysicalMaterial.uasset" 13
"../../../Engine/Content/EngineMaterials/DefaultDestructiblePhysicalMaterial.uexp" 14
"../../../Engine/Content/EngineFonts/Faces/DroidSansFallback.uexp" 15
"../../../Engine/Content/EngineFonts/Faces/DroidSansFallback.uasset" 16
"../../../Engine/Content/EngineFonts/Faces/DroidSansFallback.ufont" 17
"../../../Engine/Content/EngineFonts/Faces/RobotoBold.uexp" 18
"../../../Engine/Content/EngineFonts/Faces/RobotoBold.uasset" 19
"../../../Engine/Content/EngineFonts/Faces/RobotoBold.ufont" 20
"../../../Engine/Content/EngineFonts/Faces/RobotoBoldItalic.uexp" 21
"../../../Engine/Content/EngineFonts/Faces/RobotoBoldItalic.uasset" 22
"../../../Engine/Content/EngineFonts/Faces/RobotoBoldItalic.ufont" 23
"../../../Engine/Content/EngineFonts/Faces/RobotoItalic.uexp" 24
"../../../Engine/Content/EngineFonts/Faces/RobotoItalic.uasset" 25
"../../../Engine/Content/EngineFonts/Faces/RobotoItalic.ufont" 26
"../../../Engine/Content/EngineFonts/Faces/RobotoLight.uexp" 27
"../../../Engine/Content/EngineFonts/Faces/RobotoLight.uasset" 28
"../../../Engine/Content/EngineFonts/Faces/RobotoLight.ufont" 29
"../../../Engine/Content/EngineFonts/Faces/RobotoRegular.uexp" 30
"../../../Engine/Content/EngineFonts/Faces/RobotoRegular.uasset" 31
"../../../Engine/Content/EngineFonts/Faces/RobotoRegular.ufont" 32
"../../../Engine/Content/EngineFonts/Roboto.uasset" 33
"../../../Engine/Content/EngineFonts/Roboto.uexp" 34
"../../../Engine/Content/EngineFonts/Faces/DroidSansMono.uexp" 35
"../../../Engine/Content/EngineFonts/Faces/DroidSansMono.uasset" 36
"../../../Engine/Content/EngineFonts/Faces/DroidSansMono.ufont" 37
"../../../Engine/Content/EngineFonts/DroidSansMono.uasset" 38
"../../../Engine/Content/EngineFonts/DroidSansMono.uexp" 39
"../../../Engine/Plugins/Interchange/Runtime/Content/Pipelines/DefaultTexturePipeline.uasset" 40
"../../../Engine/Plugins/Interchange/Runtime/Content/Pipelines/DefaultTexturePipeline.uexp" 41
"../../../Engine/Plugins/Interchange/Runtime/Content/Pipelines/DefaultSceneLevelPipeline.uasset" 42
"../../../Engine/Plugins/Interchange/Runtime/Content/Pipelines/DefaultSceneLevelPipeline.uexp" 43
"../../../Engine/Plugins/Interchange/Runtime/Content/Pipelines/DefaultSceneAssetsPipeline.uasset" 44
"../../../Engine/Plugins/Interchange/Runtime/Content/Pipelines/DefaultSceneAssetsPipeline.uexp" 45
"../../../Engine/Plugins/Interchange/Runtime/Content/Pipelines/DefaultMaterialXPipeline.uasset" 46
"../../../Engine/Plugins/Interchange/Runtime/Content/Pipelines/DefaultMaterialXPipeline.uexp" 47
"../../../Engine/Plugins/Interchange/Runtime/Content/Pipelines/DefaultMaterialPipeline.uasset" 48
"../../../Engine/Plugins/Interchange/Runtime/Content/Pipelines/DefaultMaterialPipeline.uexp" 49
"../../../Engine/Plugins/Interchange/Runtime/Content/Pipelines/DefaultGLTFSceneAssetsPipeline.uasset" 50
"../../../Engine/Plugins/Interchange/Runtime/Content/Pipelines/DefaultGLTFSceneAssetsPipeline.uexp" 51
"../../../Engine/Plugins/Interchange/Runtime/Content/Pipelines/DefaultGLTFPipeline.uasset" 52
"../../../Engine/Plugins/Interchange/Runtime/Content/Pipelines/DefaultGLTFPipeline.uexp" 53
"../../../Engine/Plugins/Interchange/Runtime/Content/Pipelines/DefaultGLTFAssetsPipeline.uasset" 54
"../../../Engine/Plugins/Interchange/Runtime/Content/Pipelines/DefaultGLTFAssetsPipeline.uexp" 55
"../../../Engine/Plugins/Interchange/Runtime/Content/Pipelines/DefaultAssetsPipeline.uasset" 56
"../../../Engine/Plugins/Interchange/Runtime/Content/Pipelines/DefaultAssetsPipeline.uexp" 57
"../../../Engine/Content/EngineSounds/Master.uasset" 58
"../../../Engine/Content/EngineSounds/Master.uexp" 59
"../../../Engine/Content/EngineResources/GradientTexture0.uasset" 60
"../../../Engine/Content/EngineResources/GradientTexture0.uexp" 61
"../../../Engine/Content/EngineResources/Black.uasset" 62
"../../../Engine/Content/EngineResources/Black.uexp" 63
"../../../Engine/Content/EditorResources/S_Actor.ubulk" 64
"../../../Engine/Content/EditorResources/S_Actor.uasset" 65
"../../../Engine/Content/EditorResources/S_Actor.uexp" 66
"../../../Engine/Plugins/NNE/NNEDenoiser/Content/NNEDTOM_Output_Default.uasset" 67
"../../../Engine/Plugins/NNE/NNEDenoiser/Content/NNEDTOM_Output_Default.uexp" 68
"../../../Engine/Plugins/NNE/NNEDenoiser/Content/NNEDTOM_Output_Alpha.uasset" 69
"../../../Engine/Plugins/NNE/NNEDenoiser/Content/NNEDTOM_Output_Alpha.uexp" 70
"../../../Engine/Plugins/NNE/NNEDenoiser/Content/NNEDTIM_ColorAlbedoNormal_Default.uasset" 71
"../../../Engine/Plugins/NNE/NNEDenoiser/Content/NNEDTIM_ColorAlbedoNormal_Default.uexp" 72
"../../../Engine/Plugins/NNE/NNEDenoiser/Content/NNEDTIM_ColorAlbedoNormal_Alpha.uasset" 73
"../../../Engine/Plugins/NNE/NNEDenoiser/Content/NNEDTIM_ColorAlbedoNormal_Alpha.uexp" 74
"../../../Engine/Plugins/NNE/NNEDenoiser/Content/NNEDOM_Output_Default.uasset" 75
"../../../Engine/Plugins/NNE/NNEDenoiser/Content/NNEDOM_Output_Default.uexp" 76
"../../../Engine/Plugins/NNE/NNEDenoiser/Content/NNEDOM_Output_Alpha.uasset" 77
"../../../Engine/Plugins/NNE/NNEDenoiser/Content/NNEDOM_Output_Alpha.uexp" 78
"../../../Engine/Plugins/NNE/NNEDenoiser/Content/NNEDIM_HighQuality_Default.uasset" 79
"../../../Engine/Plugins/NNE/NNEDenoiser/Content/NNEDIM_HighQuality_Default.uexp" 80
"../../../Engine/Plugins/NNE/NNEDenoiser/Content/NNEDIM_HighQuality_Alpha.uasset" 81
"../../../Engine/Plugins/NNE/NNEDenoiser/Content/NNEDIM_HighQuality_Alpha.uexp" 82
"../../../Engine/Plugins/NNE/NNEDenoiser/Content/NNEDIM_ColorAlbedoNormal_Default.uasset" 83
"../../../Engine/Plugins/NNE/NNEDenoiser/Content/NNEDIM_ColorAlbedoNormal_Default.uexp" 84
"../../../Engine/Plugins/NNE/NNEDenoiser/Content/NNEDIM_ColorAlbedoNormal_Alpha.uasset" 85
"../../../Engine/Plugins/NNE/NNEDenoiser/Content/NNEDIM_ColorAlbedoNormal_Alpha.uexp" 86
"../../../Engine/Content/EngineMaterials/PreintegratedSkinBRDF.uasset" 87
"../../../Engine/Content/EngineMaterials/PreintegratedSkinBRDF.uexp" 88
"../../../Engine/Content/EngineMaterials/MiniFont.uasset" 89
"../../../Engine/Content/EngineMaterials/MiniFont.uexp" 90
"../../../Engine/Content/EngineMaterials/FastBlueNoise_vec2_128x128x64.uasset" 91
"../../../Engine/Content/EngineMaterials/FastBlueNoise_vec2_128x128x64.uexp" 92
"../../../Engine/Content/EngineMaterials/FastBlueNoise_scalar_128x128x8.uasset" 93
"../../../Engine/Content/EngineMaterials/FastBlueNoise_scalar_128x128x8.uexp" 94
"../../../Engine/Content/EngineMaterials/FastBlueNoise_scalar_128x128x64.uasset" 95
"../../../Engine/Content/EngineMaterials/FastBlueNoise_scalar_128x128x64.uexp" 96
"../../../Engine/Content/EngineMaterials/DefaultWhiteGrid.ubulk" 97
"../../../Engine/Content/EngineMaterials/DefaultWhiteGrid.uasset" 98
"../../../Engine/Content/EngineMaterials/DefaultWhiteGrid.uexp" 99
"../../../Engine/Content/EngineMaterials/DefaultBokeh.uasset" 100
"../../../Engine/Content/EngineMaterials/DefaultBokeh.uexp" 101
"../../../Engine/Content/EngineMaterials/DefaultBloomKernel.uasset" 102
"../../../Engine/Content/EngineMaterials/DefaultBloomKernel.uexp" 103
"../../../Engine/Content/EngineDamageTypes/DmgTypeBP_Environmental.uasset" 104
"../../../Engine/Content/EngineDamageTypes/DmgTypeBP_Environmental.uexp" 105
"../../../Engine/Content/EditorResources/S_TriggerSphere.uasset" 106
"../../../Engine/Content/EditorResources/S_TriggerSphere.uexp" 107
"../../../Engine/Content/EditorResources/S_TriggerCapsule.uasset" 108
"../../../Engine/Content/EditorResources/S_TriggerCapsule.uexp" 109
"../../../Engine/Content/EditorResources/S_TriggerBox.uasset" 110
"../../../Engine/Content/EditorResources/S_TriggerBox.uexp" 111
"../../../Engine/Content/EditorResources/S_Trigger.ubulk" 112
"../../../Engine/Content/EditorResources/S_Trigger.uasset" 113
"../../../Engine/Content/EditorResources/S_Trigger.uexp" 114
"../../../Engine/Content/EditorResources/S_Terrain.ubulk" 115
"../../../Engine/Content/EditorResources/S_Terrain.uasset" 116
"../../../Engine/Content/EditorResources/S_Terrain.uexp" 117
"../../../Engine/Content/EditorResources/S_Solver.ubulk" 118
"../../../Engine/Content/EditorResources/S_Solver.uasset" 119
"../../../Engine/Content/EditorResources/S_Solver.uexp" 120
"../../../Engine/Content/EditorResources/S_BoxReflectionCapture.uasset" 121
"../../../Engine/Content/EditorResources/S_BoxReflectionCapture.uexp" 122
"../../../Engine/Content/EditorResources/BSPVertex.uasset" 123
"../../../Engine/Content/EditorResources/BSPVertex.uexp" 124
"../../../Engine/Plugins/Runtime/AudioWidgets/Content/Resources/ScrubHandleDown_Clamped.uasset" 125
"../../../Engine/Plugins/Runtime/AudioWidgets/Content/Resources/ScrubHandleDown_Clamped.uexp" 126
"../../../Engine/Content/EngineResources/DefaultTexture.ubulk" 127
"../../../Engine/Content/EngineResources/DefaultTexture.uasset" 128
"../../../Engine/Content/EngineResources/DefaultTexture.uexp" 129
"../../../Engine/Content/EngineResources/FilmGrains/Marcie_Grain_v3_128_M2_000.uasset" 130
"../../../Engine/Content/EngineResources/FilmGrains/Marcie_Grain_v3_128_M2_000.uexp" 131
"../../../Engine/Content/EngineResources/Development/ZenLogo_64.uasset" 132
"../../../Engine/Content/EngineResources/Development/ZenLogo_64.uexp" 133
"../../../Engine/Content/EngineMaterials/LTC/Sheen_LTC.uasset" 134
"../../../Engine/Content/EngineMaterials/LTC/Sheen_LTC.uexp" 135
"../../../Engine/Content/EngineMaterials/LTC/GGX_LTCMat.uasset" 136
"../../../Engine/Content/EngineMaterials/LTC/GGX_LTCMat.uexp" 137
"../../../Engine/Content/EngineMaterials/LTC/GGX_LTCAmp.uasset" 138
"../../../Engine/Content/EngineMaterials/LTC/GGX_LTCAmp.uexp" 139
"../../../Engine/Content/EngineMaterials/EnergyConservation/Sheen_Energy.uasset" 140
"../../../Engine/Content/EngineMaterials/EnergyConservation/Sheen_Energy.uexp" 141
"../../../Engine/Content/EngineMaterials/EnergyConservation/SheenLegacy_Energy.uasset" 142
"../../../Engine/Content/EngineMaterials/EnergyConservation/SheenLegacy_Energy.uexp" 143
"../../../Engine/Content/EngineMaterials/EnergyConservation/GGX_TransmissionEnergyArray.uasset" 144
"../../../Engine/Content/EngineMaterials/EnergyConservation/GGX_TransmissionEnergyArray.uexp" 145
"../../../Engine/Content/EngineMaterials/EnergyConservation/GGX_ReflectionEnergy.uasset" 146
"../../../Engine/Content/EngineMaterials/EnergyConservation/GGX_ReflectionEnergy.uexp" 147
"../../../Engine/Content/EngineMaterials/EnergyConservation/Diffuse_Energy.uasset" 148
"../../../Engine/Content/EngineMaterials/EnergyConservation/Diffuse_Energy.uexp" 149
"../../../Engine/Content/EditorResources/SequenceRecorder/RecordingIndicator.uasset" 150
"../../../Engine/Content/EditorResources/SequenceRecorder/RecordingIndicator.uexp" 151
"../../../Engine/Content/EditorResources/SequenceRecorder/Countdown.uasset" 152
"../../../Engine/Content/EditorResources/SequenceRecorder/Countdown.uexp" 153
"../../../Engine/Content/EditorMaterials/ParticleSystems/PSysThumbnail_OOD.ubulk" 154
"../../../Engine/Content/EditorMaterials/ParticleSystems/PSysThumbnail_OOD.uasset" 155
"../../../Engine/Content/EditorMaterials/ParticleSystems/PSysThumbnail_OOD.uexp" 156
"../../../Engine/Content/EditorMaterials/ParticleSystems/PSysThumbnail_NoImage.ubulk" 157
"../../../Engine/Content/EditorMaterials/ParticleSystems/PSysThumbnail_NoImage.uasset" 158
"../../../Engine/Content/EditorMaterials/ParticleSystems/PSysThumbnail_NoImage.uexp" 159
"../../../Engine/Content/Functions/Engine_MaterialFunctions01/Shading/PowerToRoughness.uasset" 160
"../../../Engine/Content/Functions/Engine_MaterialFunctions01/Shading/PowerToRoughness.uexp" 161
"../../../Engine/Content/Functions/Engine_MaterialFunctions01/Shading/ConvertFromDiffSpec.uasset" 162
"../../../Engine/Content/Functions/Engine_MaterialFunctions01/Shading/ConvertFromDiffSpec.uexp" 163
"../../../Engine/Content/EditorMaterials/Dataflow/DataflowTwoSidedVertexMaterial.uasset" 164
"../../../Engine/Content/EditorMaterials/Dataflow/DataflowTwoSidedVertexMaterial.uexp" 165
"../../../Engine/Content/EditorMaterials/Dataflow/DataflowVertexMaterial.uasset" 166
"../../../Engine/Content/EditorMaterials/Dataflow/DataflowVertexMaterial.uexp" 167
"../../../Engine/Plugins/Animation/ControlRig/Content/Controls/ControlRigGizmoMaterial.uasset" 168
"../../../Engine/Plugins/Animation/ControlRig/Content/Controls/ControlRigGizmoMaterial.uexp" 169
"../../../Engine/Plugins/Animation/ControlRig/Content/Controls/ControlRigXRayMaterial.uasset" 170
"../../../Engine/Plugins/Animation/ControlRig/Content/Controls/ControlRigXRayMaterial.uexp" 171
"../../../Engine/Content/Functions/Engine_MaterialFunctions02/Utility/VectorLength.uasset" 172
"../../../Engine/Content/Functions/Engine_MaterialFunctions02/Utility/VectorLength.uexp" 173
"../../../Engine/Content/Functions/Engine_MaterialFunctions02/Utility/BreakOutFloat3Components.uasset" 174
"../../../Engine/Content/Functions/Engine_MaterialFunctions02/Utility/BreakOutFloat3Components.uexp" 175
"../../../Engine/Content/Functions/Engine_MaterialFunctions02/WorldPositionOffset/ObjectScale.uasset" 176
"../../../Engine/Content/Functions/Engine_MaterialFunctions02/WorldPositionOffset/ObjectScale.uexp" 177
"../../../Engine/Content/Functions/Engine_MaterialFunctions02/SafeNormalize.uasset" 178
"../../../Engine/Content/Functions/Engine_MaterialFunctions02/SafeNormalize.uexp" 179
"../../../Engine/Plugins/Editor/SpeedTreeImporter/Content/SpeedTree9/UnpackInteger3.uasset" 180
"../../../Engine/Plugins/Editor/SpeedTreeImporter/Content/SpeedTree9/UnpackInteger3.uexp" 181
"../../../Engine/Plugins/Editor/SpeedTreeImporter/Content/SpeedTree9/UnpackDirection.uasset" 182
"../../../Engine/Plugins/Editor/SpeedTreeImporter/Content/SpeedTree9/UnpackDirection.uexp" 183
"../../../Engine/Plugins/Editor/SpeedTreeImporter/Content/SpeedTree9/game_wind_noise.ubulk" 184
"../../../Engine/Plugins/Editor/SpeedTreeImporter/Content/SpeedTree9/game_wind_noise.uasset" 185
"../../../Engine/Plugins/Editor/SpeedTreeImporter/Content/SpeedTree9/game_wind_noise.uexp" 186
"../../../Engine/Plugins/Editor/SpeedTreeImporter/Content/SpeedTree9/SpeedTreeWindMotion.uasset" 187
"../../../Engine/Plugins/Editor/SpeedTreeImporter/Content/SpeedTree9/SpeedTreeWindMotion.uexp" 188
"../../../Engine/Plugins/Editor/SpeedTreeImporter/Content/SpeedTree9/SpeedTreeBranchMotion.uasset" 189
"../../../Engine/Plugins/Editor/SpeedTreeImporter/Content/SpeedTree9/SpeedTreeBranchMotion.uexp" 190
"../../../Engine/Content/Functions/Engine_MaterialFunctions02/ObjectLocalBounds.uasset" 191
"../../../Engine/Content/Functions/Engine_MaterialFunctions02/ObjectLocalBounds.uexp" 192
"../../../Engine/Content/Functions/Engine_MaterialFunctions02/UVs/BoundingBoxBased_0-1_UVW.uasset" 193
"../../../Engine/Content/Functions/Engine_MaterialFunctions02/UVs/BoundingBoxBased_0-1_UVW.uexp" 194
"../../../Engine/Plugins/Editor/SpeedTreeImporter/Content/SpeedTree9/SpeedTreeWind.uasset" 195
"../../../Engine/Plugins/Editor/SpeedTreeImporter/Content/SpeedTree9/SpeedTreeWind.uexp" 196
"../../../Engine/Plugins/Editor/SpeedTreeImporter/Content/SpeedTree9/EmptyNormal.uasset" 197
"../../../Engine/Plugins/Editor/SpeedTreeImporter/Content/SpeedTree9/EmptyNormal.uexp" 198
"../../../Engine/Plugins/Editor/SpeedTreeImporter/Content/SpeedTree9/Empty.uasset" 199
"../../../Engine/Plugins/Editor/SpeedTreeImporter/Content/SpeedTree9/Empty.uexp" 200
"../../../Engine/Plugins/Editor/SpeedTreeImporter/Content/SpeedTree9/SpeedTreeBillboard.uasset" 201
"../../../Engine/Plugins/Editor/SpeedTreeImporter/Content/SpeedTree9/SpeedTreeBillboard.uexp" 202
"../../../Engine/Plugins/Editor/SpeedTreeImporter/Content/SpeedTree9/SpeedTreeBillboardMaster.uasset" 203
"../../../Engine/Plugins/Editor/SpeedTreeImporter/Content/SpeedTree9/SpeedTreeBillboardMaster.uexp" 204
"../../../Engine/Plugins/Editor/SpeedTreeImporter/Content/SpeedTree9/SpeedTreeCameraFacing.uasset" 205
"../../../Engine/Plugins/Editor/SpeedTreeImporter/Content/SpeedTree9/SpeedTreeCameraFacing.uexp" 206
"../../../Engine/Plugins/Editor/SpeedTreeImporter/Content/SpeedTree9/SpeedTreeMaster.uasset" 207
"../../../Engine/Plugins/Editor/SpeedTreeImporter/Content/SpeedTree9/SpeedTreeMaster.uexp" 208
"../../../Engine/Plugins/Interchange/Assets/Content/Functions/MX_AbsorptionVDF.uasset" 209
"../../../Engine/Plugins/Interchange/Assets/Content/Functions/MX_AbsorptionVDF.uexp" 210
"../../../Engine/Plugins/Interchange/Assets/Content/Functions/MX_AnisotropicVDF.uasset" 211
"../../../Engine/Plugins/Interchange/Assets/Content/Functions/MX_AnisotropicVDF.uexp" 212
"../../../Engine/Plugins/Interchange/Assets/Content/Functions/MX_BurleyDiffuseBSDF.uasset" 213
"../../../Engine/Plugins/Interchange/Assets/Content/Functions/MX_BurleyDiffuseBSDF.uexp" 214
"../../../Engine/Plugins/Interchange/Assets/Content/Functions/MX_ConductorBSDF.uasset" 215
"../../../Engine/Plugins/Interchange/Assets/Content/Functions/MX_ConductorBSDF.uexp" 216
"../../../Engine/Plugins/Interchange/Assets/Content/Functions/MX_ConicalEDF.uasset" 217
"../../../Engine/Plugins/Interchange/Assets/Content/Functions/MX_ConicalEDF.uexp" 218
"../../../Engine/Plugins/Interchange/Assets/Content/Functions/MX_DielectricBSDF.uasset" 219
"../../../Engine/Plugins/Interchange/Assets/Content/Functions/MX_DielectricBSDF.uexp" 220
"../../../Engine/Plugins/Interchange/Assets/Content/Functions/MX_Displacement.uasset" 221
"../../../Engine/Plugins/Interchange/Assets/Content/Functions/MX_Displacement.uexp" 222
"../../../Engine/Plugins/Interchange/Assets/Content/Functions/MX_GeneralizedSchlickBSDF.uasset" 223
"../../../Engine/Plugins/Interchange/Assets/Content/Functions/MX_GeneralizedSchlickBSDF.uexp" 224
"../../../Engine/Plugins/Interchange/Assets/Content/Functions/MX_MeasuredEDF.uasset" 225
"../../../Engine/Plugins/Interchange/Assets/Content/Functions/MX_MeasuredEDF.uexp" 226
"../../../Engine/Plugins/Interchange/Assets/Content/Functions/MF_IridescenceNoLUT.uasset" 227
"../../../Engine/Plugins/Interchange/Assets/Content/Functions/MF_IridescenceNoLUT.uexp" 228
"../../../Engine/Plugins/Interchange/Assets/Content/Functions/MX_StandardSurface.uasset" 229
"../../../Engine/Plugins/Interchange/Assets/Content/Functions/MX_StandardSurface.uexp" 230
"../../../Engine/Plugins/Interchange/Assets/Content/Functions/MX_OpenPBR_Opaque.uasset" 231
"../../../Engine/Plugins/Interchange/Assets/Content/Functions/MX_OpenPBR_Opaque.uexp" 232
"../../../Engine/Plugins/Interchange/Assets/Content/Functions/MX_TransmissionSurface.uasset" 233
"../../../Engine/Plugins/Interchange/Assets/Content/Functions/MX_TransmissionSurface.uexp" 234
"../../../Engine/Plugins/Interchange/Assets/Content/Functions/MX_OpenPBR_Translucent.uasset" 235
"../../../Engine/Plugins/Interchange/Assets/Content/Functions/MX_OpenPBR_Translucent.uexp" 236
"../../../Engine/Plugins/Interchange/Assets/Content/Functions/MX_OrenNayarBSDF.uasset" 237
"../../../Engine/Plugins/Interchange/Assets/Content/Functions/MX_OrenNayarBSDF.uexp" 238
"../../../Engine/Plugins/Interchange/Assets/Content/Functions/MX_SheenBSDF.uasset" 239
"../../../Engine/Plugins/Interchange/Assets/Content/Functions/MX_SheenBSDF.uexp" 240
"../../../Engine/Plugins/Interchange/Assets/Content/Functions/MX_SubsurfaceBSDF.uasset" 241
"../../../Engine/Plugins/Interchange/Assets/Content/Functions/MX_SubsurfaceBSDF.uexp" 242
"../../../Engine/Plugins/Interchange/Assets/Content/Functions/MX_Surface.uasset" 243
"../../../Engine/Plugins/Interchange/Assets/Content/Functions/MX_Surface.uexp" 244
"../../../Engine/Plugins/Interchange/Assets/Content/Functions/MX_SurfaceUnlit.uasset" 245
"../../../Engine/Plugins/Interchange/Assets/Content/Functions/MX_SurfaceUnlit.uexp" 246
"../../../Engine/Plugins/Interchange/Assets/Content/Functions/MX_ThinFilmBSDF.uasset" 247
"../../../Engine/Plugins/Interchange/Assets/Content/Functions/MX_ThinFilmBSDF.uexp" 248
"../../../Engine/Plugins/Interchange/Assets/Content/Functions/MX_TranslucentBSDF.uasset" 249
"../../../Engine/Plugins/Interchange/Assets/Content/Functions/MX_TranslucentBSDF.uexp" 250
"../../../Engine/Plugins/Interchange/Assets/Content/Functions/MX_UniformEDF.uasset" 251
"../../../Engine/Plugins/Interchange/Assets/Content/Functions/MX_UniformEDF.uexp" 252
"../../../Engine/Plugins/Interchange/Assets/Content/Functions/MX_UsdPreviewSurface.uasset" 253
"../../../Engine/Plugins/Interchange/Assets/Content/Functions/MX_UsdPreviewSurface.uexp" 254
"../../../Engine/Plugins/Runtime/HairStrands/Content/Materials/HairCardsDefaultMaterial.uasset" 255
"../../../Engine/Plugins/Runtime/HairStrands/Content/Materials/HairCardsDefaultMaterial.uexp" 256
"../../../Engine/Content/Functions/Engine_MaterialFunctions02/Utility/MakeFloat2.uasset" 257
"../../../Engine/Content/Functions/Engine_MaterialFunctions02/Utility/MakeFloat2.uexp" 258
"../../../Engine/Plugins/Runtime/HairStrands/Content/Materials/HairGroupColors.uasset" 259
"../../../Engine/Plugins/Runtime/HairStrands/Content/Materials/HairGroupColors.uexp" 260
"../../../Engine/Content/EngineMaterials/HairColorMap.uasset" 261
"../../../Engine/Content/EngineMaterials/HairColorMap.uexp" 262
"../../../Engine/Content/EngineMaterials/HairDebugColor.uasset" 263
"../../../Engine/Content/EngineMaterials/HairDebugColor.uexp" 264
"../../../Engine/Content/Functions/Engine_MaterialFunctions02/Utility/MakeFloat3.uasset" 265
"../../../Engine/Content/Functions/Engine_MaterialFunctions02/Utility/MakeFloat3.uexp" 266
"../../../Engine/Plugins/Runtime/HairStrands/Content/Materials/HairDebugMaterial.uasset" 267
"../../../Engine/Plugins/Runtime/HairStrands/Content/Materials/HairDebugMaterial.uexp" 268
"../../../Engine/Plugins/Runtime/HairStrands/Content/Materials/HairDefaultMaterial.uasset" 269
"../../../Engine/Plugins/Runtime/HairStrands/Content/Materials/HairDefaultMaterial.uexp" 270
"../../../Engine/Plugins/Runtime/HairStrands/Content/Materials/HairMeshesDefaultMaterial.uasset" 271
"../../../Engine/Plugins/Runtime/HairStrands/Content/Materials/HairMeshesDefaultMaterial.uexp" 272
"../../../Engine/Plugins/VirtualProduction/CameraCalibrationCore/Content/Materials/M_DefaultEvenSquare.uasset" 273
"../../../Engine/Plugins/VirtualProduction/CameraCalibrationCore/Content/Materials/M_DefaultEvenSquare.uexp" 274
"../../../Engine/Plugins/VirtualProduction/CameraCalibrationCore/Content/Materials/M_DefaultOddSquare.uasset" 275
"../../../Engine/Plugins/VirtualProduction/CameraCalibrationCore/Content/Materials/M_DefaultOddSquare.uexp" 276
"../../../Engine/Content/EditorLandscapeResources/DefaultAlphaTexture.uasset" 277
"../../../Engine/Content/EditorLandscapeResources/DefaultAlphaTexture.uexp" 278
"../../../Engine/Content/EditorLandscapeResources/LandscapeDirtyMaterial.uasset" 279
"../../../Engine/Content/EditorLandscapeResources/LandscapeDirtyMaterial.uexp" 280
"../../../Engine/Content/Functions/Engine_MaterialFunctions02/Utility/BreakOutFloat2Components.uasset" 281
"../../../Engine/Content/Functions/Engine_MaterialFunctions02/Utility/BreakOutFloat2Components.uexp" 282
"../../../Engine/Content/Functions/Engine_MaterialFunctions01/Texturing/ScaleUVsByCenter.uasset" 283
"../../../Engine/Content/Functions/Engine_MaterialFunctions01/Texturing/ScaleUVsByCenter.uexp" 284
"../../../Engine/Content/Functions/Engine_MaterialFunctions02/WorldPositionOffset/LocalPosition.uasset" 285
"../../../Engine/Content/Functions/Engine_MaterialFunctions02/WorldPositionOffset/LocalPosition.uexp" 286
"../../../Engine/Content/EngineMaterials/DefaultDiffuse.ubulk" 287
"../../../Engine/Content/EngineMaterials/DefaultDiffuse.uasset" 288
"../../../Engine/Content/EngineMaterials/DefaultDiffuse.uexp" 289
"../../../Engine/Content/Functions/Engine_MaterialFunctions01/Texturing/TextureCropping.uasset" 290
"../../../Engine/Content/Functions/Engine_MaterialFunctions01/Texturing/TextureCropping.uexp" 291
"../../../Engine/Content/Functions/Engine_MaterialFunctions02/ExampleContent/DebugNumberStrip.uasset" 292
"../../../Engine/Content/Functions/Engine_MaterialFunctions02/ExampleContent/DebugNumberStrip.uexp" 293
"../../../Engine/Content/Functions/Engine_MaterialFunctions01/Debug/DebugIntValues.uasset" 294
"../../../Engine/Content/Functions/Engine_MaterialFunctions01/Debug/DebugIntValues.uexp" 295
"../../../Engine/Content/EditorLandscapeResources/LandscapeLayerUsageMaterial.uasset" 296
"../../../Engine/Content/EditorLandscapeResources/LandscapeLayerUsageMaterial.uexp" 297
"../../../Engine/Content/EditorLandscapeResources/WhiteSquareTexture.uasset" 298
"../../../Engine/Content/EditorLandscapeResources/WhiteSquareTexture.uexp" 299
"../../../Engine/Content/EditorLandscapeResources/LayerVisMaterial.uasset" 300
"../../../Engine/Content/EditorLandscapeResources/LayerVisMaterial.uexp" 301
"../../../Engine/Content/EditorMaterials/PhAT_NoCollisionMaterial.uasset" 302
"../../../Engine/Content/EditorMaterials/PhAT_NoCollisionMaterial.uexp" 303
"../../../Engine/Content/EditorMaterials/PhAT_UnselectedMaterial.uasset" 304
"../../../Engine/Content/EditorMaterials/PhAT_UnselectedMaterial.uexp" 305
"../../../Engine/Content/EditorMaterials/PreviewShadowIndicator.ubulk" 306
"../../../Engine/Content/EditorMaterials/PreviewShadowIndicator.uasset" 307
"../../../Engine/Content/EditorMaterials/PreviewShadowIndicator.uexp" 308
"../../../Engine/Content/EditorMaterials/PreviewShadowIndicatorMaterial.uasset" 309
"../../../Engine/Content/EditorMaterials/PreviewShadowIndicatorMaterial.uexp" 310
"../../../Engine/Content/EngineDebugMaterials/DebugEditorMaterial.uasset" 311
"../../../Engine/Content/EngineDebugMaterials/DebugEditorMaterial.uexp" 312
"../../../Engine/Content/EngineDebugMaterials/DebugMeshMaterial.uasset" 313
"../../../Engine/Content/EngineDebugMaterials/DebugMeshMaterial.uexp" 314
"../../../Engine/Content/EngineDebugMaterials/M_SimpleUnlitTranslucent.uasset" 315
"../../../Engine/Content/EngineDebugMaterials/M_SimpleUnlitTranslucent.uexp" 316
"../../../Engine/Content/Functions/Engine_MaterialFunctions02/Utility/CameraDirectionVector.uasset" 317
"../../../Engine/Content/Functions/Engine_MaterialFunctions02/Utility/CameraDirectionVector.uexp" 318
"../../../Engine/Content/EngineDebugMaterials/VolumeToRender.uasset" 319
"../../../Engine/Content/EngineDebugMaterials/VolumeToRender.uexp" 320
"../../../Engine/Content/EngineDebugMaterials/M_VolumeRenderSphereTracePP.uasset" 321
"../../../Engine/Content/EngineDebugMaterials/M_VolumeRenderSphereTracePP.uexp" 322
"../../../Engine/Content/EngineMaterials/DefaultDeferredDecalMaterial.uasset" 323
"../../../Engine/Content/EngineMaterials/DefaultDeferredDecalMaterial.uexp" 324
"../../../Engine/Content/EngineMaterials/DefaultLightFunctionMaterial.uasset" 325
"../../../Engine/Content/EngineMaterials/DefaultLightFunctionMaterial.uexp" 326
"../../../Engine/Content/EngineMaterials/DefaultPostProcessMaterial.uasset" 327
"../../../Engine/Content/EngineMaterials/DefaultPostProcessMaterial.uexp" 328
"../../../Engine/Content/EngineFonts/RobotoDistanceField.uasset" 329
"../../../Engine/Content/EngineFonts/RobotoDistanceField.uexp" 330
"../../../Engine/Content/EngineMaterials/DefaultTextMaterialOpaque.uasset" 331
"../../../Engine/Content/EngineMaterials/DefaultTextMaterialOpaque.uexp" 332
"../../../Engine/Content/EngineMaterials/DefaultWhiteGrid_Low.uasset" 333
"../../../Engine/Content/EngineMaterials/DefaultWhiteGrid_Low.uexp" 334
"../../../Engine/Content/EngineMaterials/EmissiveMeshMaterial.uasset" 335
"../../../Engine/Content/EngineMaterials/EmissiveMeshMaterial.uexp" 336
"../../../Engine/Content/EngineMaterials/BaseFlattenLinearColor.uasset" 337
"../../../Engine/Content/EngineMaterials/BaseFlattenLinearColor.uexp" 338
"../../../Engine/Content/EngineMaterials/BaseFlattenNormalMap.uasset" 339
"../../../Engine/Content/EngineMaterials/BaseFlattenNormalMap.uexp" 340
"../../../Engine/Content/EngineMaterials/BaseFlattenDiffuseMap.uasset" 341
"../../../Engine/Content/EngineMaterials/BaseFlattenDiffuseMap.uexp" 342
"../../../Engine/Content/EngineMaterials/BaseFlattenEmissiveMap.uasset" 343
"../../../Engine/Content/EngineMaterials/BaseFlattenEmissiveMap.uexp" 344
"../../../Engine/Content/EngineMaterials/BaseFlattenGrayscaleMap.uasset" 345
"../../../Engine/Content/EngineMaterials/BaseFlattenGrayscaleMap.uexp" 346
"../../../Engine/Content/Functions/Engine_MaterialFunctions02/PivotPainter2/Black_1x1_EXR_Texture.uasset" 347
"../../../Engine/Content/Functions/Engine_MaterialFunctions02/PivotPainter2/Black_1x1_EXR_Texture.uexp" 348
"../../../Engine/Content/EngineMaterials/FlattenMaterial.uasset" 349
"../../../Engine/Content/EngineMaterials/FlattenMaterial.uexp" 350
"../../../Engine/Content/EngineMaterials/Black_1x1_EXR_Texture_VT.ubulk" 351
"../../../Engine/Content/EngineMaterials/Black_1x1_EXR_Texture_VT.uasset" 352
"../../../Engine/Content/EngineMaterials/Black_1x1_EXR_Texture_VT.uexp" 353
"../../../Engine/Content/EngineMaterials/BaseFlattenNormalMap_VT.ubulk" 354
"../../../Engine/Content/EngineMaterials/BaseFlattenNormalMap_VT.uasset" 355
"../../../Engine/Content/EngineMaterials/BaseFlattenNormalMap_VT.uexp" 356
"../../../Engine/Content/EngineMaterials/BaseFlattenLinearColor_VT.ubulk" 357
"../../../Engine/Content/EngineMaterials/BaseFlattenLinearColor_VT.uasset" 358
"../../../Engine/Content/EngineMaterials/BaseFlattenLinearColor_VT.uexp" 359
"../../../Engine/Content/EngineMaterials/BaseFlattenGrayscaleMap_VT.ubulk" 360
"../../../Engine/Content/EngineMaterials/BaseFlattenGrayscaleMap_VT.uasset" 361
"../../../Engine/Content/EngineMaterials/BaseFlattenGrayscaleMap_VT.uexp" 362
"../../../Engine/Content/EngineMaterials/BaseFlattenEmissiveMap_VT.ubulk" 363
"../../../Engine/Content/EngineMaterials/BaseFlattenEmissiveMap_VT.uasset" 364
"../../../Engine/Content/EngineMaterials/BaseFlattenEmissiveMap_VT.uexp" 365
"../../../Engine/Content/EngineMaterials/BaseFlattenDiffuseMap_VT.ubulk" 366
"../../../Engine/Content/EngineMaterials/BaseFlattenDiffuseMap_VT.uasset" 367
"../../../Engine/Content/EngineMaterials/BaseFlattenDiffuseMap_VT.uexp" 368
"../../../Engine/Content/EngineMaterials/FlattenMaterial_VT.uasset" 369
"../../../Engine/Content/EngineMaterials/FlattenMaterial_VT.uexp" 370
"../../../Engine/Content/EngineMaterials/FlattenMaterial_WS_Normal_VT.uasset" 371
"../../../Engine/Content/EngineMaterials/FlattenMaterial_WS_Normal_VT.uexp" 372
"../../../Engine/Content/EngineMaterials/GizmoMaterial.uasset" 373
"../../../Engine/Content/EngineMaterials/GizmoMaterial.uexp" 374
"../../../Engine/Content/EngineMaterials/InvalidLightmapSettings.ubulk" 375
"../../../Engine/Content/EngineMaterials/InvalidLightmapSettings.uasset" 376
"../../../Engine/Content/EngineMaterials/InvalidLightmapSettings.uexp" 377
"../../../Engine/Content/EngineMaterials/M_InvalidLightmapSettings.uasset" 378
"../../../Engine/Content/EngineMaterials/M_InvalidLightmapSettings.uexp" 379
"../../../Engine/Content/EngineMaterials/NaniteHiddenSectionMaterial.uasset" 380
"../../../Engine/Content/EngineMaterials/NaniteHiddenSectionMaterial.uexp" 381
"../../../Engine/Content/Functions/Engine_MaterialFunctions02/WorldPositionOffset/CameraOffset.uasset" 382
"../../../Engine/Content/Functions/Engine_MaterialFunctions02/WorldPositionOffset/CameraOffset.uexp" 383
"../../../Engine/Content/EngineMaterials/PhAT_JointLimitMaterial.uasset" 384
"../../../Engine/Content/EngineMaterials/PhAT_JointLimitMaterial.uexp" 385
"../../../Engine/Content/EngineMaterials/DefaultCalibrationColor.uasset" 386
"../../../Engine/Content/EngineMaterials/DefaultCalibrationColor.uexp" 387
"../../../Engine/Content/EngineMaterials/PPM_DefaultCalibrationColor.uasset" 388
"../../../Engine/Content/EngineMaterials/PPM_DefaultCalibrationColor.uexp" 389
"../../../Engine/Content/EngineMaterials/DefaultCalibrationGrayscale.uasset" 390
"../../../Engine/Content/EngineMaterials/DefaultCalibrationGrayscale.uexp" 391
"../../../Engine/Content/EngineMaterials/PPM_DefaultCalibrationGrayscale.uasset" 392
"../../../Engine/Content/EngineMaterials/PPM_DefaultCalibrationGrayscale.uexp" 393
"../../../Engine/Content/EngineMaterials/RemoveSurfaceMaterial.uasset" 394
"../../../Engine/Content/EngineMaterials/RemoveSurfaceMaterial.uexp" 395
"../../../Engine/Plugins/Animation/ControlRig/Content/M_Manip.uasset" 396
"../../../Engine/Plugins/Animation/ControlRig/Content/M_Manip.uexp" 397
"../../../Engine/Content/EngineMeshes/Sphere.ubulk" 398
"../../../Engine/Content/EngineMeshes/Sphere.uasset" 399
"../../../Engine/Content/EngineMeshes/Sphere.uexp" 400
"../../../Engine/Content/EngineResources/DefaultTextureCube.uasset" 401
"../../../Engine/Content/EngineResources/DefaultTextureCube.uexp" 402
"../../../Engine/Content/VREditor/TransformGizmo/Xray.uasset" 403
"../../../Engine/Content/VREditor/TransformGizmo/Xray.uexp" 404
"../../../Engine/Content/VREditor/TransformGizmo/Main.uasset" 405
"../../../Engine/Content/VREditor/TransformGizmo/Main.uexp" 406
"../../../Engine/Content/VREditor/TransformGizmo/SM_Sequencer_Node.ubulk" 407
"../../../Engine/Content/VREditor/TransformGizmo/SM_Sequencer_Node.uasset" 408
"../../../Engine/Content/VREditor/TransformGizmo/SM_Sequencer_Node.uexp" 409
"../../../Engine/Content/EditorMaterials/Camera/CineMat.uasset" 410
"../../../Engine/Content/EditorMaterials/Camera/CineMat.uexp" 411
"../../../Engine/Content/EditorMaterials/Camera/MI_CineMat_Rig.uasset" 412
"../../../Engine/Content/EditorMaterials/Camera/MI_CineMat_Rig.uexp" 413
"../../../Engine/Content/EditorMeshes/Camera/SM_CraneRig_Base.ubulk" 414
"../../../Engine/Content/EditorMeshes/Camera/SM_CraneRig_Base.uasset" 415
"../../../Engine/Content/EditorMeshes/Camera/SM_CraneRig_Base.uexp" 416
"../../../Engine/Content/EditorMeshes/Camera/SM_CraneRig_Arm.ubulk" 417
"../../../Engine/Content/EditorMeshes/Camera/SM_CraneRig_Arm.uasset" 418
"../../../Engine/Content/EditorMeshes/Camera/SM_CraneRig_Arm.uexp" 419
"../../../Engine/Content/EditorMeshes/Camera/SM_CraneRig_Mount.ubulk" 420
"../../../Engine/Content/EditorMeshes/Camera/SM_CraneRig_Mount.uasset" 421
"../../../Engine/Content/EditorMeshes/Camera/SM_CraneRig_Mount.uexp" 422
"../../../Engine/Content/EditorMeshes/Camera/SM_CraneRig_Body.ubulk" 423
"../../../Engine/Content/EditorMeshes/Camera/SM_CraneRig_Body.uasset" 424
"../../../Engine/Content/EditorMeshes/Camera/SM_CraneRig_Body.uexp" 425
"../../../Engine/Content/EditorMeshes/Camera/SM_RailRig_Track.ubulk" 426
"../../../Engine/Content/EditorMeshes/Camera/SM_RailRig_Track.uasset" 427
"../../../Engine/Content/EditorMeshes/Camera/SM_RailRig_Track.uexp" 428
"../../../Engine/Content/EditorMeshes/Camera/SM_RailRig_Mount.ubulk" 429
"../../../Engine/Content/EditorMeshes/Camera/SM_RailRig_Mount.uasset" 430
"../../../Engine/Content/EditorMeshes/Camera/SM_RailRig_Mount.uexp" 431
"../../../Engine/Content/EditorLandscapeResources/SplineEditorMeshMat.uasset" 432
"../../../Engine/Content/EditorLandscapeResources/SplineEditorMeshMat.uexp" 433
"../../../Engine/Content/EditorLandscapeResources/SplineEditorMesh.ubulk" 434
"../../../Engine/Content/EditorLandscapeResources/SplineEditorMesh.uasset" 435
"../../../Engine/Content/EditorLandscapeResources/SplineEditorMesh.uexp" 436
"../../../Engine/Content/VREditor/LaserPointer/VR_LaserPower_01.ubulk" 437
"../../../Engine/Content/VREditor/LaserPointer/VR_LaserPower_01.uasset" 438
"../../../Engine/Content/VREditor/LaserPointer/VR_LaserPower_01.uexp" 439
"../../../Engine/Content/VREditor/TransformGizmo/TransformGizmoMaterial.uasset" 440
"../../../Engine/Content/VREditor/TransformGizmo/TransformGizmoMaterial.uexp" 441
"../../../Engine/Content/VREditor/TransformGizmo/TranslucentTransformGizmoMaterial.uasset" 442
"../../../Engine/Content/VREditor/TransformGizmo/TranslucentTransformGizmoMaterial.uexp" 443
"../../../Engine/Content/VREditor/TransformGizmo/BoundingBoxCorner.ubulk" 444
"../../../Engine/Content/VREditor/TransformGizmo/BoundingBoxCorner.uasset" 445
"../../../Engine/Content/VREditor/TransformGizmo/BoundingBoxCorner.uexp" 446
"../../../Engine/Content/VREditor/TransformGizmo/BoundingBoxEdge.ubulk" 447
"../../../Engine/Content/VREditor/TransformGizmo/BoundingBoxEdge.uasset" 448
"../../../Engine/Content/VREditor/TransformGizmo/BoundingBoxEdge.uexp" 449
"../../../Engine/Content/EngineMaterials/T_Default_Material_Grid_M.ubulk" 450
"../../../Engine/Content/EngineMaterials/T_Default_Material_Grid_M.uasset" 451
"../../../Engine/Content/EngineMaterials/T_Default_Material_Grid_M.uexp" 452
"../../../Engine/Content/Functions/Engine_MaterialFunctions01/Opacity/CameraDepthFade.uasset" 453
"../../../Engine/Content/Functions/Engine_MaterialFunctions01/Opacity/CameraDepthFade.uexp" 454
"../../../Engine/Content/EngineMaterials/T_Default_Material_Grid_N.ubulk" 455
"../../../Engine/Content/EngineMaterials/T_Default_Material_Grid_N.uasset" 456
"../../../Engine/Content/EngineMaterials/T_Default_Material_Grid_N.uexp" 457
"../../../Engine/Content/EngineMaterials/WorldGridMaterial.uasset" 458
"../../../Engine/Content/EngineMaterials/WorldGridMaterial.uexp" 459
"../../../Engine/Content/ArtTools/RenderToTexture/Meshes/S_1_Unit_Plane.ubulk" 460
"../../../Engine/Content/ArtTools/RenderToTexture/Meshes/S_1_Unit_Plane.uasset" 461
"../../../Engine/Content/ArtTools/RenderToTexture/Meshes/S_1_Unit_Plane.uexp" 462
"../../../Engine/Content/EngineMaterials/Substrate/Glints2/AGlintTex2dArray2.uasset" 463
"../../../Engine/Content/EngineMaterials/Substrate/Glints2/AGlintTex2dArray2.uexp" 464
"../../../Engine/Content/EngineMaterials/Substrate/Volume/SubstrateSimpleVolumeEnvLUT3D.uasset" 465
"../../../Engine/Content/EngineMaterials/Substrate/Volume/SubstrateSimpleVolumeEnvLUT3D.uexp" 466
"../../../Engine/Content/EngineMaterials/Substrate/Volume/SubstrateSimpleVolumeLUT3D.uasset" 467
"../../../Engine/Content/EngineMaterials/Substrate/Volume/SubstrateSimpleVolumeLUT3D.uexp" 468
"../../../Engine/Content/EngineMaterials/Substrate/GLints/AGlintTex2dArray.uasset" 469
"../../../Engine/Content/EngineMaterials/Substrate/GLints/AGlintTex2dArray.uexp" 470
"../../../Engine/Plugins/Interchange/Assets/Content/Utilities/New_LUT.uasset" 471
"../../../Engine/Plugins/Interchange/Assets/Content/Utilities/New_LUT.uexp" 472
"../../../Engine/Content/Functions/Engine_MaterialFunctions03/Math/RemapValueRange.uasset" 473
"../../../Engine/Content/Functions/Engine_MaterialFunctions03/Math/RemapValueRange.uexp" 474
"../../../Engine/Plugins/Interchange/Assets/Content/Functions/MF_Iridescence.uasset" 475
"../../../Engine/Plugins/Interchange/Assets/Content/Functions/MF_Iridescence.uexp" 476
"../../../Engine/Plugins/Interchange/Assets/Content/gltf/Textures/T_White_srgb.uasset" 477
"../../../Engine/Plugins/Interchange/Assets/Content/gltf/Textures/T_White_srgb.uexp" 478
"../../../Engine/Plugins/Interchange/Assets/Content/gltf/MaterialFunctions/MF_BaseColor.uasset" 479
"../../../Engine/Plugins/Interchange/Assets/Content/gltf/MaterialFunctions/MF_BaseColor.uexp" 480
"../../../Engine/Plugins/Interchange/Assets/Content/gltf/MaterialFunctions/MF_RotateV2.uasset" 481
"../../../Engine/Plugins/Interchange/Assets/Content/gltf/MaterialFunctions/MF_RotateV2.uexp" 482
"../../../Engine/Plugins/Interchange/Assets/Content/gltf/MaterialFunctions/MF_TransformUVs.uasset" 483
"../../../Engine/Plugins/Interchange/Assets/Content/gltf/MaterialFunctions/MF_TransformUVs.uexp" 484
"../../../Engine/Plugins/Interchange/Assets/Content/gltf/MaterialFunctions/MF_IOR.uasset" 485
"../../../Engine/Plugins/Interchange/Assets/Content/gltf/MaterialFunctions/MF_IOR.uexp" 486
"../../../Engine/Plugins/Interchange/Assets/Content/gltf/MaterialFunctions/MF_Iridescence.uasset" 487
"../../../Engine/Plugins/Interchange/Assets/Content/gltf/MaterialFunctions/MF_Iridescence.uexp" 488
"../../../Engine/Plugins/Interchange/Assets/Content/gltf/Textures/T_White_Linear.uasset" 489
"../../../Engine/Plugins/Interchange/Assets/Content/gltf/Textures/T_White_Linear.uexp" 490
"../../../Engine/Plugins/Interchange/Assets/Content/gltf/MaterialFunctions/MF_MetallicRoughness.uasset" 491
"../../../Engine/Plugins/Interchange/Assets/Content/gltf/MaterialFunctions/MF_MetallicRoughness.uexp" 492
"../../../Engine/Content/Functions/Engine_MaterialFunctions02/Math/Transform3x3Matrix.uasset" 493
"../../../Engine/Content/Functions/Engine_MaterialFunctions02/Math/Transform3x3Matrix.uexp" 494
"../../../Engine/Plugins/Interchange/Assets/Content/gltf/MaterialFunctions/MF_RotateNormals_TS.uasset" 495
"../../../Engine/Plugins/Interchange/Assets/Content/gltf/MaterialFunctions/MF_RotateNormals_TS.uexp" 496
"../../../Engine/Plugins/Interchange/Assets/Content/gltf/MaterialFunctions/MF_ScaleNormal.uasset" 497
"../../../Engine/Plugins/Interchange/Assets/Content/gltf/MaterialFunctions/MF_ScaleNormal.uexp" 498
"../../../Engine/Plugins/Interchange/Assets/Content/gltf/Textures/T_Generic_N.uasset" 499
"../../../Engine/Plugins/Interchange/Assets/Content/gltf/Textures/T_Generic_N.uexp" 500
"../../../Engine/Plugins/Interchange/Assets/Content/gltf/MaterialFunctions/MF_Normals.uasset" 501
"../../../Engine/Plugins/Interchange/Assets/Content/gltf/MaterialFunctions/MF_Normals.uexp" 502
"../../../Engine/Plugins/Interchange/Assets/Content/gltf/MaterialFunctions/MF_Occlusion.uasset" 503
"../../../Engine/Plugins/Interchange/Assets/Content/gltf/MaterialFunctions/MF_Occlusion.uexp" 504
"../../../Engine/Plugins/Interchange/Assets/Content/gltf/MaterialFunctions/MF_Specular.uasset" 505
"../../../Engine/Plugins/Interchange/Assets/Content/gltf/MaterialFunctions/MF_Specular.uexp" 506
"../../../Engine/Plugins/Interchange/Assets/Content/gltf/Textures/T_Anisotropy_Direction_Linear.uasset" 507
"../../../Engine/Plugins/Interchange/Assets/Content/gltf/Textures/T_Anisotropy_Direction_Linear.uexp" 508
"../../../Engine/Plugins/Interchange/Assets/Content/gltf/MaterialFunctions/MF_SpecularAnisotropy.uasset" 509
"../../../Engine/Plugins/Interchange/Assets/Content/gltf/MaterialFunctions/MF_SpecularAnisotropy.uexp" 510
"../../../Engine/Plugins/Interchange/Assets/Content/gltf/MaterialFunctions/MF_Emissive.uasset" 511
"../../../Engine/Plugins/Interchange/Assets/Content/gltf/MaterialFunctions/MF_Emissive.uexp" 512
"../../../Engine/Content/Functions/Engine_MaterialFunctions01/Texturing/FlattenNormal.uasset" 513
"../../../Engine/Content/Functions/Engine_MaterialFunctions01/Texturing/FlattenNormal.uexp" 514
"../../../Engine/Plugins/Interchange/Assets/Content/gltf/MaterialFunctions/MF_Clearcoat.uasset" 515
"../../../Engine/Plugins/Interchange/Assets/Content/gltf/MaterialFunctions/MF_Clearcoat.uexp" 516
"../../../Engine/Plugins/Interchange/Assets/Content/gltf/MaterialBodies/MF_ClearCoat_Body.uasset" 517
"../../../Engine/Plugins/Interchange/Assets/Content/gltf/MaterialBodies/MF_ClearCoat_Body.uexp" 518
"../../../Engine/Plugins/Interchange/Assets/Content/gltf/M_ClearCoat.uasset" 519
"../../../Engine/Plugins/Interchange/Assets/Content/gltf/M_ClearCoat.uexp" 520
"../../../Engine/Plugins/Interchange/Assets/Content/gltf/MaterialInstances/MI_ClearCoat_Blend.uasset" 521
"../../../Engine/Plugins/Interchange/Assets/Content/gltf/MaterialInstances/MI_ClearCoat_Blend.uexp" 522
"../../../Engine/Plugins/Interchange/Assets/Content/gltf/MaterialInstances/MI_ClearCoat_Blend_DS.uasset" 523
"../../../Engine/Plugins/Interchange/Assets/Content/gltf/MaterialInstances/MI_ClearCoat_Blend_DS.uexp" 524
"../../../Engine/Plugins/Interchange/Assets/Content/gltf/MaterialInstances/MI_ClearCoat_Mask.uasset" 525
"../../../Engine/Plugins/Interchange/Assets/Content/gltf/MaterialInstances/MI_ClearCoat_Mask.uexp" 526
"../../../Engine/Plugins/Interchange/Assets/Content/gltf/MaterialInstances/MI_ClearCoat_Mask_DS.uasset" 527
"../../../Engine/Plugins/Interchange/Assets/Content/gltf/MaterialInstances/MI_ClearCoat_Mask_DS.uexp" 528
"../../../Engine/Plugins/Interchange/Assets/Content/gltf/MaterialInstances/MI_ClearCoat_Opaque.uasset" 529
"../../../Engine/Plugins/Interchange/Assets/Content/gltf/MaterialInstances/MI_ClearCoat_Opaque.uexp" 530
"../../../Engine/Plugins/Interchange/Assets/Content/gltf/MaterialInstances/MI_ClearCoat_Opaque_DS.uasset" 531
"../../../Engine/Plugins/Interchange/Assets/Content/gltf/MaterialInstances/MI_ClearCoat_Opaque_DS.uexp" 532
"../../../Engine/Plugins/Interchange/Assets/Content/gltf/MaterialBodies/MF_Default_Body.uasset" 533
"../../../Engine/Plugins/Interchange/Assets/Content/gltf/MaterialBodies/MF_Default_Body.uexp" 534
"../../../Engine/Plugins/Interchange/Assets/Content/gltf/M_Default.uasset" 535
"../../../Engine/Plugins/Interchange/Assets/Content/gltf/M_Default.uexp" 536
"../../../Engine/Plugins/Interchange/Assets/Content/gltf/MaterialInstances/MI_Default_Blend.uasset" 537
"../../../Engine/Plugins/Interchange/Assets/Content/gltf/MaterialInstances/MI_Default_Blend.uexp" 538
"../../../Engine/Plugins/Interchange/Assets/Content/gltf/MaterialInstances/MI_Default_Blend_DS.uasset" 539
"../../../Engine/Plugins/Interchange/Assets/Content/gltf/MaterialInstances/MI_Default_Blend_DS.uexp" 540
"../../../Engine/Plugins/Interchange/Assets/Content/gltf/MaterialInstances/MI_Default_Mask.uasset" 541
"../../../Engine/Plugins/Interchange/Assets/Content/gltf/MaterialInstances/MI_Default_Mask.uexp" 542
"../../../Engine/Plugins/Interchange/Assets/Content/gltf/MaterialInstances/MI_Default_Mask_DS.uasset" 543
"../../../Engine/Plugins/Interchange/Assets/Content/gltf/MaterialInstances/MI_Default_Mask_DS.uexp" 544
"../../../Engine/Plugins/Interchange/Assets/Content/gltf/MaterialInstances/MI_Default_Opaque.uasset" 545
"../../../Engine/Plugins/Interchange/Assets/Content/gltf/MaterialInstances/MI_Default_Opaque.uexp" 546
"../../../Engine/Plugins/Interchange/Assets/Content/gltf/MaterialInstances/MI_Default_Opaque_DS.uasset" 547
"../../../Engine/Plugins/Interchange/Assets/Content/gltf/MaterialInstances/MI_Default_Opaque_DS.uexp" 548
"../../../Engine/Plugins/Interchange/Assets/Content/gltf/MaterialFunctions/MF_Sheen.uasset" 549
"../../../Engine/Plugins/Interchange/Assets/Content/gltf/MaterialFunctions/MF_Sheen.uexp" 550
"../../../Engine/Plugins/Interchange/Assets/Content/gltf/MaterialBodies/MF_Sheen_Body.uasset" 551
"../../../Engine/Plugins/Interchange/Assets/Content/gltf/MaterialBodies/MF_Sheen_Body.uexp" 552
"../../../Engine/Plugins/Interchange/Assets/Content/gltf/M_Sheen.uasset" 553
"../../../Engine/Plugins/Interchange/Assets/Content/gltf/M_Sheen.uexp" 554
"../../../Engine/Plugins/Interchange/Assets/Content/gltf/MaterialInstances/MI_Sheen_Blend.uasset" 555
"../../../Engine/Plugins/Interchange/Assets/Content/gltf/MaterialInstances/MI_Sheen_Blend.uexp" 556
"../../../Engine/Plugins/Interchange/Assets/Content/gltf/MaterialInstances/MI_Sheen_Blend_DS.uasset" 557
"../../../Engine/Plugins/Interchange/Assets/Content/gltf/MaterialInstances/MI_Sheen_Blend_DS.uexp" 558
"../../../Engine/Plugins/Interchange/Assets/Content/gltf/MaterialInstances/MI_Sheen_Mask.uasset" 559
"../../../Engine/Plugins/Interchange/Assets/Content/gltf/MaterialInstances/MI_Sheen_Mask.uexp" 560
"../../../Engine/Plugins/Interchange/Assets/Content/gltf/MaterialInstances/MI_Sheen_Mask_DS.uasset" 561
"../../../Engine/Plugins/Interchange/Assets/Content/gltf/MaterialInstances/MI_Sheen_Mask_DS.uexp" 562
"../../../Engine/Plugins/Interchange/Assets/Content/gltf/MaterialInstances/MI_Sheen_Opaque.uasset" 563
"../../../Engine/Plugins/Interchange/Assets/Content/gltf/MaterialInstances/MI_Sheen_Opaque.uexp" 564
"../../../Engine/Plugins/Interchange/Assets/Content/gltf/MaterialInstances/MI_Sheen_Opaque_DS.uasset" 565
"../../../Engine/Plugins/Interchange/Assets/Content/gltf/MaterialInstances/MI_Sheen_Opaque_DS.uexp" 566
"../../../Engine/Content/Functions/Engine_MaterialFunctions02/Math/AddComponents.uasset" 567
"../../../Engine/Content/Functions/Engine_MaterialFunctions02/Math/AddComponents.uexp" 568
"../../../Engine/Plugins/Interchange/Assets/Content/gltf/MaterialFunctions/MF_DiffuseSpecGloss.uasset" 569
"../../../Engine/Plugins/Interchange/Assets/Content/gltf/MaterialFunctions/MF_DiffuseSpecGloss.uexp" 570
"../../../Engine/Plugins/Interchange/Assets/Content/gltf/MaterialFunctions/MF_MaxComponentValue.uasset" 571
"../../../Engine/Plugins/Interchange/Assets/Content/gltf/MaterialFunctions/MF_MaxComponentValue.uexp" 572
"../../../Engine/Plugins/Interchange/Assets/Content/gltf/MaterialFunctions/MF_PerceivedBrightness.uasset" 573
"../../../Engine/Plugins/Interchange/Assets/Content/gltf/MaterialFunctions/MF_PerceivedBrightness.uexp" 574
"../../../Engine/Plugins/Interchange/Assets/Content/gltf/MaterialFunctions/MF_SpecGlossToMetalRoughness.uasset" 575
"../../../Engine/Plugins/Interchange/Assets/Content/gltf/MaterialFunctions/MF_SpecGlossToMetalRoughness.uexp" 576
"../../../Engine/Plugins/Interchange/Assets/Content/gltf/MaterialBodies/MF_SpecularGlossiness_Body.uasset" 577
"../../../Engine/Plugins/Interchange/Assets/Content/gltf/MaterialBodies/MF_SpecularGlossiness_Body.uexp" 578
"../../../Engine/Plugins/Interchange/Assets/Content/gltf/M_SpecularGlossiness.uasset" 579
"../../../Engine/Plugins/Interchange/Assets/Content/gltf/M_SpecularGlossiness.uexp" 580
"../../../Engine/Plugins/Interchange/Assets/Content/gltf/MaterialInstances/MI_SpecularGlossiness_Blend.uasset" 581
"../../../Engine/Plugins/Interchange/Assets/Content/gltf/MaterialInstances/MI_SpecularGlossiness_Blend.uexp" 582
"../../../Engine/Plugins/Interchange/Assets/Content/gltf/MaterialInstances/MI_SpecularGlossiness_Blend_DS.uasset" 583
"../../../Engine/Plugins/Interchange/Assets/Content/gltf/MaterialInstances/MI_SpecularGlossiness_Blend_DS.uexp" 584
"../../../Engine/Plugins/Interchange/Assets/Content/gltf/MaterialInstances/MI_SpecularGlossiness_Mask.uasset" 585
"../../../Engine/Plugins/Interchange/Assets/Content/gltf/MaterialInstances/MI_SpecularGlossiness_Mask.uexp" 586
"../../../Engine/Plugins/Interchange/Assets/Content/gltf/MaterialInstances/MI_SpecularGlossiness_Mask_DS.uasset" 587
"../../../Engine/Plugins/Interchange/Assets/Content/gltf/MaterialInstances/MI_SpecularGlossiness_Mask_DS.uexp" 588
"../../../Engine/Plugins/Interchange/Assets/Content/gltf/MaterialInstances/MI_SpecularGlossiness_Opaque.uasset" 589
"../../../Engine/Plugins/Interchange/Assets/Content/gltf/MaterialInstances/MI_SpecularGlossiness_Opaque.uexp" 590
"../../../Engine/Plugins/Interchange/Assets/Content/gltf/MaterialInstances/MI_SpecularGlossiness_Opaque_DS.uasset" 591
"../../../Engine/Plugins/Interchange/Assets/Content/gltf/MaterialInstances/MI_SpecularGlossiness_Opaque_DS.uexp" 592
"../../../Engine/Content/EngineMaterials/Good64x64TilingNoiseHighFreq.uasset" 593
"../../../Engine/Content/EngineMaterials/Good64x64TilingNoiseHighFreq.uexp" 594
"../../../Engine/Content/Functions/Engine_MaterialFunctions02/Texturing/ScreenAlignedPixelToPixelUVs.uasset" 595
"../../../Engine/Content/Functions/Engine_MaterialFunctions02/Texturing/ScreenAlignedPixelToPixelUVs.uexp" 596
"../../../Engine/Plugins/Interchange/Assets/Content/gltf/MaterialFunctions/MF_Fresnel_DS.uasset" 597
"../../../Engine/Plugins/Interchange/Assets/Content/gltf/MaterialFunctions/MF_Fresnel_DS.uexp" 598
"../../../Engine/Plugins/Interchange/Assets/Content/gltf/MaterialFunctions/MF_Temporal_Blur.uasset" 599
"../../../Engine/Plugins/Interchange/Assets/Content/gltf/MaterialFunctions/MF_Temporal_Blur.uexp" 600
"../../../Engine/Plugins/Interchange/Assets/Content/gltf/MaterialFunctions/MF_Transmission.uasset" 601
"../../../Engine/Plugins/Interchange/Assets/Content/gltf/MaterialFunctions/MF_Transmission.uexp" 602
"../../../Engine/Plugins/Interchange/Assets/Content/gltf/MaterialBodies/MF_Transmission_Body.uasset" 603
"../../../Engine/Plugins/Interchange/Assets/Content/gltf/MaterialBodies/MF_Transmission_Body.uexp" 604
"../../../Engine/Plugins/Interchange/Assets/Content/gltf/M_Transmission.uasset" 605
"../../../Engine/Plugins/Interchange/Assets/Content/gltf/M_Transmission.uexp" 606
"../../../Engine/Plugins/Interchange/Assets/Content/gltf/MaterialInstances/MI_Transmission.uasset" 607
"../../../Engine/Plugins/Interchange/Assets/Content/gltf/MaterialInstances/MI_Transmission.uexp" 608
"../../../Engine/Plugins/Interchange/Assets/Content/gltf/MaterialInstances/MI_Transmission_DS.uasset" 609
"../../../Engine/Plugins/Interchange/Assets/Content/gltf/MaterialInstances/MI_Transmission_DS.uexp" 610
"../../../Engine/Plugins/Interchange/Assets/Content/gltf/MaterialBodies/MF_Unlit_Body.uasset" 611
"../../../Engine/Plugins/Interchange/Assets/Content/gltf/MaterialBodies/MF_Unlit_Body.uexp" 612
"../../../Engine/Plugins/Interchange/Assets/Content/gltf/M_Unlit.uasset" 613
"../../../Engine/Plugins/Interchange/Assets/Content/gltf/M_Unlit.uexp" 614
"../../../Engine/Plugins/Interchange/Assets/Content/gltf/MaterialInstances/MI_Unlit_Blend.uasset" 615
"../../../Engine/Plugins/Interchange/Assets/Content/gltf/MaterialInstances/MI_Unlit_Blend.uexp" 616
"../../../Engine/Plugins/Interchange/Assets/Content/gltf/MaterialInstances/MI_Unlit_Blend_DS.uasset" 617
"../../../Engine/Plugins/Interchange/Assets/Content/gltf/MaterialInstances/MI_Unlit_Blend_DS.uexp" 618
"../../../Engine/Plugins/Interchange/Assets/Content/gltf/MaterialInstances/MI_Unlit_Mask.uasset" 619
"../../../Engine/Plugins/Interchange/Assets/Content/gltf/MaterialInstances/MI_Unlit_Mask.uexp" 620
"../../../Engine/Plugins/Interchange/Assets/Content/gltf/MaterialInstances/MI_Unlit_Mask_DS.uasset" 621
"../../../Engine/Plugins/Interchange/Assets/Content/gltf/MaterialInstances/MI_Unlit_Mask_DS.uexp" 622
"../../../Engine/Plugins/Interchange/Assets/Content/gltf/MaterialInstances/MI_Unlit_Opaque.uasset" 623
"../../../Engine/Plugins/Interchange/Assets/Content/gltf/MaterialInstances/MI_Unlit_Opaque.uexp" 624
"../../../Engine/Plugins/Interchange/Assets/Content/gltf/MaterialInstances/MI_Unlit_Opaque_DS.uasset" 625
"../../../Engine/Plugins/Interchange/Assets/Content/gltf/MaterialInstances/MI_Unlit_Opaque_DS.uexp" 626
"../../../Engine/Content/EngineResources/LandscapeVisibilityLayerInfo.uasset" 627
"../../../Engine/Content/EngineResources/LandscapeVisibilityLayerInfo.uexp" 628
"../../../Engine/Content/VREditor/Sounds/UI/Drop_Item_From_ContentBrowser.ubulk" 629
"../../../Engine/Content/VREditor/Sounds/UI/Drop_Item_From_ContentBrowser.uasset" 630
"../../../Engine/Content/VREditor/Sounds/UI/Drop_Item_From_ContentBrowser.uexp" 631
"../../../Engine/Content/VREditor/TransformGizmo/TransformGizmoMaterial_Inst.uasset" 632
"../../../Engine/Content/VREditor/TransformGizmo/TransformGizmoMaterial_Inst.uexp" 633
"../../../Engine/Content/VREditor/TransformGizmo/TranslucentTransformGizmoMaterial_Inst.uasset" 634
"../../../Engine/Content/VREditor/TransformGizmo/TranslucentTransformGizmoMaterial_Inst.uexp" 635
"../../../Engine/Content/Functions/Engine_MaterialFunctions02/SplitComponents.uasset" 636
"../../../Engine/Content/Functions/Engine_MaterialFunctions02/SplitComponents.uexp" 637
"../../../Engine/Content/VREditor/SnapGrid/SnapGridMaterial.uasset" 638
"../../../Engine/Content/VREditor/SnapGrid/SnapGridMaterial.uexp" 639
"../../../Engine/Content/VREditor/SnapGrid/SnapGridPlaneMesh.ubulk" 640
"../../../Engine/Content/VREditor/SnapGrid/SnapGridPlaneMesh.uasset" 641
"../../../Engine/Content/VREditor/SnapGrid/SnapGridPlaneMesh.uexp" 642
"../../../Engine/Content/VREditor/Sounds/UI/Gizmo_Handle_Clicked.ubulk" 643
"../../../Engine/Content/VREditor/Sounds/UI/Gizmo_Handle_Clicked.uasset" 644
"../../../Engine/Content/VREditor/Sounds/UI/Gizmo_Handle_Clicked.uexp" 645
"../../../Engine/Content/VREditor/Sounds/UI/Object_PickUp.ubulk" 646
"../../../Engine/Content/VREditor/Sounds/UI/Object_PickUp.uasset" 647
"../../../Engine/Content/VREditor/Sounds/UI/Object_PickUp.uexp" 648
"../../../Engine/Content/VREditor/Sounds/UI/Object_Snaps_To_Another_Actor.ubulk" 649
"../../../Engine/Content/VREditor/Sounds/UI/Object_Snaps_To_Another_Actor.uasset" 650
"../../../Engine/Content/VREditor/Sounds/UI/Object_Snaps_To_Another_Actor.uexp" 651
"../../../Engine/Content/VREditor/Sounds/UI/Object_Snaps_To_Grid.ubulk" 652
"../../../Engine/Content/VREditor/Sounds/UI/Object_Snaps_To_Grid.uasset" 653
"../../../Engine/Content/VREditor/Sounds/UI/Object_Snaps_To_Grid.uexp" 654
"../../../Engine/Content/VREditor/Sounds/UI/Scaling_Down.ubulk" 655
"../../../Engine/Content/VREditor/Sounds/UI/Scaling_Down.uasset" 656
"../../../Engine/Content/VREditor/Sounds/UI/Scaling_Down.uexp" 657
"../../../Engine/Content/VREditor/Sounds/UI/Scaling_Up.ubulk" 658
"../../../Engine/Content/VREditor/Sounds/UI/Scaling_Up.uasset" 659
"../../../Engine/Content/VREditor/Sounds/UI/Scaling_Up.uexp" 660
"../../../Engine/Content/VREditor/Sounds/UI/Selection_Changes.ubulk" 661
"../../../Engine/Content/VREditor/Sounds/UI/Selection_Changes.uasset" 662
"../../../Engine/Content/VREditor/Sounds/UI/Selection_Changes.uexp" 663
"../../../Engine/Content/VREditor/TransformGizmo/PlaneTranslationHandle.ubulk" 664
"../../../Engine/Content/VREditor/TransformGizmo/PlaneTranslationHandle.uasset" 665
"../../../Engine/Content/VREditor/TransformGizmo/PlaneTranslationHandle.uexp" 666
"../../../Engine/Content/VREditor/TransformGizmo/RotationHandleFull.ubulk" 667
"../../../Engine/Content/VREditor/TransformGizmo/RotationHandleFull.uasset" 668
"../../../Engine/Content/VREditor/TransformGizmo/RotationHandleFull.uexp" 669
"../../../Engine/Content/VREditor/TransformGizmo/RotationHandleIndicator.ubulk" 670
"../../../Engine/Content/VREditor/TransformGizmo/RotationHandleIndicator.uasset" 671
"../../../Engine/Content/VREditor/TransformGizmo/RotationHandleIndicator.uexp" 672
"../../../Engine/Content/VREditor/TransformGizmo/RotationHandleQuarter.ubulk" 673
"../../../Engine/Content/VREditor/TransformGizmo/RotationHandleQuarter.uasset" 674
"../../../Engine/Content/VREditor/TransformGizmo/RotationHandleQuarter.uexp" 675
"../../../Engine/Content/VREditor/TransformGizmo/StartRotationHandleIndicator.ubulk" 676
"../../../Engine/Content/VREditor/TransformGizmo/StartRotationHandleIndicator.uasset" 677
"../../../Engine/Content/VREditor/TransformGizmo/StartRotationHandleIndicator.uexp" 678
"../../../Engine/Content/VREditor/TransformGizmo/TransformGizmoFreeRotation.ubulk" 679
"../../../Engine/Content/VREditor/TransformGizmo/TransformGizmoFreeRotation.uasset" 680
"../../../Engine/Content/VREditor/TransformGizmo/TransformGizmoFreeRotation.uexp" 681
"../../../Engine/Content/VREditor/TransformGizmo/TranslateArrowHandle.ubulk" 682
"../../../Engine/Content/VREditor/TransformGizmo/TranslateArrowHandle.uasset" 683
"../../../Engine/Content/VREditor/TransformGizmo/TranslateArrowHandle.uexp" 684
"../../../Engine/Content/VREditor/TransformGizmo/UniformScaleHandle.ubulk" 685
"../../../Engine/Content/VREditor/TransformGizmo/UniformScaleHandle.uasset" 686
"../../../Engine/Content/VREditor/TransformGizmo/UniformScaleHandle.uexp" 687
"../../../Engine/Plugins/Animation/ControlRig/Content/Controls/ControlRig_Arrow2_1mm.ubulk" 688
"../../../Engine/Plugins/Animation/ControlRig/Content/Controls/ControlRig_Arrow2_1mm.uasset" 689
"../../../Engine/Plugins/Animation/ControlRig/Content/Controls/ControlRig_Arrow2_1mm.uexp" 690
"../../../Engine/Plugins/Animation/ControlRig/Content/Controls/ControlRig_Arrow2_3mm.ubulk" 691
"../../../Engine/Plugins/Animation/ControlRig/Content/Controls/ControlRig_Arrow2_3mm.uasset" 692
"../../../Engine/Plugins/Animation/ControlRig/Content/Controls/ControlRig_Arrow2_3mm.uexp" 693
"../../../Engine/Plugins/Animation/ControlRig/Content/Controls/ControlRig_Arrow2_solid.ubulk" 694
"../../../Engine/Plugins/Animation/ControlRig/Content/Controls/ControlRig_Arrow2_solid.uasset" 695
"../../../Engine/Plugins/Animation/ControlRig/Content/Controls/ControlRig_Arrow2_solid.uexp" 696
"../../../Engine/Plugins/Animation/ControlRig/Content/Controls/ControlRig_Arrow4_1mm.ubulk" 697
"../../../Engine/Plugins/Animation/ControlRig/Content/Controls/ControlRig_Arrow4_1mm.uasset" 698
"../../../Engine/Plugins/Animation/ControlRig/Content/Controls/ControlRig_Arrow4_1mm.uexp" 699
"../../../Engine/Plugins/Animation/ControlRig/Content/Controls/ControlRig_Arrow4_3mm.ubulk" 700
"../../../Engine/Plugins/Animation/ControlRig/Content/Controls/ControlRig_Arrow4_3mm.uasset" 701
"../../../Engine/Plugins/Animation/ControlRig/Content/Controls/ControlRig_Arrow4_3mm.uexp" 702
"../../../Engine/Plugins/Animation/ControlRig/Content/Controls/ControlRig_Arrow4_solid.ubulk" 703
"../../../Engine/Plugins/Animation/ControlRig/Content/Controls/ControlRig_Arrow4_solid.uasset" 704
"../../../Engine/Plugins/Animation/ControlRig/Content/Controls/ControlRig_Arrow4_solid.uexp" 705
"../../../Engine/Plugins/Animation/ControlRig/Content/Controls/ControlRig_Arrow_1mm.ubulk" 706
"../../../Engine/Plugins/Animation/ControlRig/Content/Controls/ControlRig_Arrow_1mm.uasset" 707
"../../../Engine/Plugins/Animation/ControlRig/Content/Controls/ControlRig_Arrow_1mm.uexp" 708
"../../../Engine/Plugins/Animation/ControlRig/Content/Controls/ControlRig_Arrow_3mm.ubulk" 709
"../../../Engine/Plugins/Animation/ControlRig/Content/Controls/ControlRig_Arrow_3mm.uasset" 710
"../../../Engine/Plugins/Animation/ControlRig/Content/Controls/ControlRig_Arrow_3mm.uexp" 711
"../../../Engine/Plugins/Animation/ControlRig/Content/Controls/ControlRig_Arrow_solid.ubulk" 712
"../../../Engine/Plugins/Animation/ControlRig/Content/Controls/ControlRig_Arrow_solid.uasset" 713
"../../../Engine/Plugins/Animation/ControlRig/Content/Controls/ControlRig_Arrow_solid.uexp" 714
"../../../Engine/Plugins/Animation/ControlRig/Content/Controls/ControlRig_Box_1mm.ubulk" 715
"../../../Engine/Plugins/Animation/ControlRig/Content/Controls/ControlRig_Box_1mm.uasset" 716
"../../../Engine/Plugins/Animation/ControlRig/Content/Controls/ControlRig_Box_1mm.uexp" 717
"../../../Engine/Plugins/Animation/ControlRig/Content/Controls/ControlRig_Box_3mm.ubulk" 718
"../../../Engine/Plugins/Animation/ControlRig/Content/Controls/ControlRig_Box_3mm.uasset" 719
"../../../Engine/Plugins/Animation/ControlRig/Content/Controls/ControlRig_Box_3mm.uexp" 720
"../../../Engine/Plugins/Animation/ControlRig/Content/Controls/ControlRig_Box_solid.ubulk" 721
"../../../Engine/Plugins/Animation/ControlRig/Content/Controls/ControlRig_Box_solid.uasset" 722
"../../../Engine/Plugins/Animation/ControlRig/Content/Controls/ControlRig_Box_solid.uexp" 723
"../../../Engine/Plugins/Animation/ControlRig/Content/Controls/ControlRig_Circle_1mm.ubulk" 724
"../../../Engine/Plugins/Animation/ControlRig/Content/Controls/ControlRig_Circle_1mm.uasset" 725
"../../../Engine/Plugins/Animation/ControlRig/Content/Controls/ControlRig_Circle_1mm.uexp" 726
"../../../Engine/Plugins/Animation/ControlRig/Content/Controls/ControlRig_Circle_3mm.ubulk" 727
"../../../Engine/Plugins/Animation/ControlRig/Content/Controls/ControlRig_Circle_3mm.uasset" 728
"../../../Engine/Plugins/Animation/ControlRig/Content/Controls/ControlRig_Circle_3mm.uexp" 729
"../../../Engine/Plugins/Animation/ControlRig/Content/Controls/ControlRig_Circle_solid.ubulk" 730
"../../../Engine/Plugins/Animation/ControlRig/Content/Controls/ControlRig_Circle_solid.uasset" 731
"../../../Engine/Plugins/Animation/ControlRig/Content/Controls/ControlRig_Circle_solid.uexp" 732
"../../../Engine/Plugins/Animation/ControlRig/Content/Controls/ControlRig_Diamond_1mm.ubulk" 733
"../../../Engine/Plugins/Animation/ControlRig/Content/Controls/ControlRig_Diamond_1mm.uasset" 734
"../../../Engine/Plugins/Animation/ControlRig/Content/Controls/ControlRig_Diamond_1mm.uexp" 735
"../../../Engine/Plugins/Animation/ControlRig/Content/Controls/ControlRig_Diamond_3mm.ubulk" 736
"../../../Engine/Plugins/Animation/ControlRig/Content/Controls/ControlRig_Diamond_3mm.uasset" 737
"../../../Engine/Plugins/Animation/ControlRig/Content/Controls/ControlRig_Diamond_3mm.uexp" 738
"../../../Engine/Plugins/Animation/ControlRig/Content/Controls/ControlRig_Diamond_solid.ubulk" 739
"../../../Engine/Plugins/Animation/ControlRig/Content/Controls/ControlRig_Diamond_solid.uasset" 740
"../../../Engine/Plugins/Animation/ControlRig/Content/Controls/ControlRig_Diamond_solid.uexp" 741
"../../../Engine/Plugins/Animation/ControlRig/Content/Controls/ControlRig_HalfCircle_1mm.ubulk" 742
"../../../Engine/Plugins/Animation/ControlRig/Content/Controls/ControlRig_HalfCircle_1mm.uasset" 743
"../../../Engine/Plugins/Animation/ControlRig/Content/Controls/ControlRig_HalfCircle_1mm.uexp" 744
"../../../Engine/Plugins/Animation/ControlRig/Content/Controls/ControlRig_HalfCircle_3mm.ubulk" 745
"../../../Engine/Plugins/Animation/ControlRig/Content/Controls/ControlRig_HalfCircle_3mm.uasset" 746
"../../../Engine/Plugins/Animation/ControlRig/Content/Controls/ControlRig_HalfCircle_3mm.uexp" 747
"../../../Engine/Plugins/Animation/ControlRig/Content/Controls/ControlRig_HalfCircle_solid.ubulk" 748
"../../../Engine/Plugins/Animation/ControlRig/Content/Controls/ControlRig_HalfCircle_solid.uasset" 749
"../../../Engine/Plugins/Animation/ControlRig/Content/Controls/ControlRig_HalfCircle_solid.uexp" 750
"../../../Engine/Plugins/Animation/ControlRig/Content/Controls/ControlRig_Hexagon_1mm.ubulk" 751
"../../../Engine/Plugins/Animation/ControlRig/Content/Controls/ControlRig_Hexagon_1mm.uasset" 752
"../../../Engine/Plugins/Animation/ControlRig/Content/Controls/ControlRig_Hexagon_1mm.uexp" 753
"../../../Engine/Plugins/Animation/ControlRig/Content/Controls/ControlRig_Hexagon_3mm.ubulk" 754
"../../../Engine/Plugins/Animation/ControlRig/Content/Controls/ControlRig_Hexagon_3mm.uasset" 755
"../../../Engine/Plugins/Animation/ControlRig/Content/Controls/ControlRig_Hexagon_3mm.uexp" 756
"../../../Engine/Plugins/Animation/ControlRig/Content/Controls/ControlRig_Hexagon_solid.ubulk" 757
"../../../Engine/Plugins/Animation/ControlRig/Content/Controls/ControlRig_Hexagon_solid.uasset" 758
"../../../Engine/Plugins/Animation/ControlRig/Content/Controls/ControlRig_Hexagon_solid.uexp" 759
"../../../Engine/Plugins/Animation/ControlRig/Content/Controls/ControlRig_Octagon_1mm.ubulk" 760
"../../../Engine/Plugins/Animation/ControlRig/Content/Controls/ControlRig_Octagon_1mm.uasset" 761
"../../../Engine/Plugins/Animation/ControlRig/Content/Controls/ControlRig_Octagon_1mm.uexp" 762
"../../../Engine/Plugins/Animation/ControlRig/Content/Controls/ControlRig_Octagon_3mm.ubulk" 763
"../../../Engine/Plugins/Animation/ControlRig/Content/Controls/ControlRig_Octagon_3mm.uasset" 764
"../../../Engine/Plugins/Animation/ControlRig/Content/Controls/ControlRig_Octagon_3mm.uexp" 765
"../../../Engine/Plugins/Animation/ControlRig/Content/Controls/ControlRig_Octagon_solid.ubulk" 766
"../../../Engine/Plugins/Animation/ControlRig/Content/Controls/ControlRig_Octagon_solid.uasset" 767
"../../../Engine/Plugins/Animation/ControlRig/Content/Controls/ControlRig_Octagon_solid.uexp" 768
"../../../Engine/Plugins/Animation/ControlRig/Content/Controls/ControlRig_Pyramid_1mm.ubulk" 769
"../../../Engine/Plugins/Animation/ControlRig/Content/Controls/ControlRig_Pyramid_1mm.uasset" 770
"../../../Engine/Plugins/Animation/ControlRig/Content/Controls/ControlRig_Pyramid_1mm.uexp" 771
"../../../Engine/Plugins/Animation/ControlRig/Content/Controls/ControlRig_Pyramid_3mm.ubulk" 772
"../../../Engine/Plugins/Animation/ControlRig/Content/Controls/ControlRig_Pyramid_3mm.uasset" 773
"../../../Engine/Plugins/Animation/ControlRig/Content/Controls/ControlRig_Pyramid_3mm.uexp" 774
"../../../Engine/Plugins/Animation/ControlRig/Content/Controls/ControlRig_Pyramid_solid.ubulk" 775
"../../../Engine/Plugins/Animation/ControlRig/Content/Controls/ControlRig_Pyramid_solid.uasset" 776
"../../../Engine/Plugins/Animation/ControlRig/Content/Controls/ControlRig_Pyramid_solid.uexp" 777
"../../../Engine/Plugins/Animation/ControlRig/Content/Controls/ControlRig_QuarterCircle_1mm.ubulk" 778
"../../../Engine/Plugins/Animation/ControlRig/Content/Controls/ControlRig_QuarterCircle_1mm.uasset" 779
"../../../Engine/Plugins/Animation/ControlRig/Content/Controls/ControlRig_QuarterCircle_1mm.uexp" 780
"../../../Engine/Plugins/Animation/ControlRig/Content/Controls/ControlRig_QuarterCircle_3mm.ubulk" 781
"../../../Engine/Plugins/Animation/ControlRig/Content/Controls/ControlRig_QuarterCircle_3mm.uasset" 782
"../../../Engine/Plugins/Animation/ControlRig/Content/Controls/ControlRig_QuarterCircle_3mm.uexp" 783
"../../../Engine/Plugins/Animation/ControlRig/Content/Controls/ControlRig_QuarterCircle_solid.ubulk" 784
"../../../Engine/Plugins/Animation/ControlRig/Content/Controls/ControlRig_QuarterCircle_solid.uasset" 785
"../../../Engine/Plugins/Animation/ControlRig/Content/Controls/ControlRig_QuarterCircle_solid.uexp" 786
"../../../Engine/Plugins/Animation/ControlRig/Content/Controls/ControlRig_RoundedSquare_1mm.ubulk" 787
"../../../Engine/Plugins/Animation/ControlRig/Content/Controls/ControlRig_RoundedSquare_1mm.uasset" 788
"../../../Engine/Plugins/Animation/ControlRig/Content/Controls/ControlRig_RoundedSquare_1mm.uexp" 789
"../../../Engine/Plugins/Animation/ControlRig/Content/Controls/ControlRig_RoundedSquare_3mm.ubulk" 790
"../../../Engine/Plugins/Animation/ControlRig/Content/Controls/ControlRig_RoundedSquare_3mm.uasset" 791
"../../../Engine/Plugins/Animation/ControlRig/Content/Controls/ControlRig_RoundedSquare_3mm.uexp" 792
"../../../Engine/Plugins/Animation/ControlRig/Content/Controls/ControlRig_RoundedSquare_solid.ubulk" 793
"../../../Engine/Plugins/Animation/ControlRig/Content/Controls/ControlRig_RoundedSquare_solid.uasset" 794
"../../../Engine/Plugins/Animation/ControlRig/Content/Controls/ControlRig_RoundedSquare_solid.uexp" 795
"../../../Engine/Plugins/Animation/ControlRig/Content/Controls/ControlRig_RoundedTriangle_1mm.ubulk" 796
"../../../Engine/Plugins/Animation/ControlRig/Content/Controls/ControlRig_RoundedTriangle_1mm.uasset" 797
"../../../Engine/Plugins/Animation/ControlRig/Content/Controls/ControlRig_RoundedTriangle_1mm.uexp" 798
"../../../Engine/Plugins/Animation/ControlRig/Content/Controls/ControlRig_RoundedTriangle_3mm.ubulk" 799
"../../../Engine/Plugins/Animation/ControlRig/Content/Controls/ControlRig_RoundedTriangle_3mm.uasset" 800
"../../../Engine/Plugins/Animation/ControlRig/Content/Controls/ControlRig_RoundedTriangle_3mm.uexp" 801
"../../../Engine/Plugins/Animation/ControlRig/Content/Controls/ControlRig_RoundedTriangle_solid.ubulk" 802
"../../../Engine/Plugins/Animation/ControlRig/Content/Controls/ControlRig_RoundedTriangle_solid.uasset" 803
"../../../Engine/Plugins/Animation/ControlRig/Content/Controls/ControlRig_RoundedTriangle_solid.uexp" 804
"../../../Engine/Plugins/Animation/ControlRig/Content/Controls/ControlRig_Sphere_1mm.ubulk" 805
"../../../Engine/Plugins/Animation/ControlRig/Content/Controls/ControlRig_Sphere_1mm.uasset" 806
"../../../Engine/Plugins/Animation/ControlRig/Content/Controls/ControlRig_Sphere_1mm.uexp" 807
"../../../Engine/Plugins/Animation/ControlRig/Content/Controls/ControlRig_Sphere_3mm.ubulk" 808
"../../../Engine/Plugins/Animation/ControlRig/Content/Controls/ControlRig_Sphere_3mm.uasset" 809
"../../../Engine/Plugins/Animation/ControlRig/Content/Controls/ControlRig_Sphere_3mm.uexp" 810
"../../../Engine/Plugins/Animation/ControlRig/Content/Controls/ControlRig_Sphere_solid.ubulk" 811
"../../../Engine/Plugins/Animation/ControlRig/Content/Controls/ControlRig_Sphere_solid.uasset" 812
"../../../Engine/Plugins/Animation/ControlRig/Content/Controls/ControlRig_Sphere_solid.uexp" 813
"../../../Engine/Plugins/Animation/ControlRig/Content/Controls/ControlRig_Square_1mm.ubulk" 814
"../../../Engine/Plugins/Animation/ControlRig/Content/Controls/ControlRig_Square_1mm.uasset" 815
"../../../Engine/Plugins/Animation/ControlRig/Content/Controls/ControlRig_Square_1mm.uexp" 816
"../../../Engine/Plugins/Animation/ControlRig/Content/Controls/ControlRig_Square_3mm.ubulk" 817
"../../../Engine/Plugins/Animation/ControlRig/Content/Controls/ControlRig_Square_3mm.uasset" 818
"../../../Engine/Plugins/Animation/ControlRig/Content/Controls/ControlRig_Square_3mm.uexp" 819
"../../../Engine/Plugins/Animation/ControlRig/Content/Controls/ControlRig_Square_solid.ubulk" 820
"../../../Engine/Plugins/Animation/ControlRig/Content/Controls/ControlRig_Square_solid.uasset" 821
"../../../Engine/Plugins/Animation/ControlRig/Content/Controls/ControlRig_Square_solid.uexp" 822
"../../../Engine/Plugins/Animation/ControlRig/Content/Controls/ControlRig_Star4_1mm.ubulk" 823
"../../../Engine/Plugins/Animation/ControlRig/Content/Controls/ControlRig_Star4_1mm.uasset" 824
"../../../Engine/Plugins/Animation/ControlRig/Content/Controls/ControlRig_Star4_1mm.uexp" 825
"../../../Engine/Plugins/Animation/ControlRig/Content/Controls/ControlRig_Star4_3mm.ubulk" 826
"../../../Engine/Plugins/Animation/ControlRig/Content/Controls/ControlRig_Star4_3mm.uasset" 827
"../../../Engine/Plugins/Animation/ControlRig/Content/Controls/ControlRig_Star4_3mm.uexp" 828
"../../../Engine/Plugins/Animation/ControlRig/Content/Controls/ControlRig_Star4_solid.ubulk" 829
"../../../Engine/Plugins/Animation/ControlRig/Content/Controls/ControlRig_Star4_solid.uasset" 830
"../../../Engine/Plugins/Animation/ControlRig/Content/Controls/ControlRig_Star4_solid.uexp" 831
"../../../Engine/Plugins/Animation/ControlRig/Content/Controls/ControlRig_Triangle_1mm.ubulk" 832
"../../../Engine/Plugins/Animation/ControlRig/Content/Controls/ControlRig_Triangle_1mm.uasset" 833
"../../../Engine/Plugins/Animation/ControlRig/Content/Controls/ControlRig_Triangle_1mm.uexp" 834
"../../../Engine/Plugins/Animation/ControlRig/Content/Controls/ControlRig_Triangle_3mm.ubulk" 835
"../../../Engine/Plugins/Animation/ControlRig/Content/Controls/ControlRig_Triangle_3mm.uasset" 836
"../../../Engine/Plugins/Animation/ControlRig/Content/Controls/ControlRig_Triangle_3mm.uexp" 837
"../../../Engine/Plugins/Animation/ControlRig/Content/Controls/ControlRig_Triangle_solid.ubulk" 838
"../../../Engine/Plugins/Animation/ControlRig/Content/Controls/ControlRig_Triangle_solid.uasset" 839
"../../../Engine/Plugins/Animation/ControlRig/Content/Controls/ControlRig_Triangle_solid.uexp" 840
"../../../Engine/Plugins/Animation/ControlRig/Content/Controls/ControlRig_Wedge_1mm.ubulk" 841
"../../../Engine/Plugins/Animation/ControlRig/Content/Controls/ControlRig_Wedge_1mm.uasset" 842
"../../../Engine/Plugins/Animation/ControlRig/Content/Controls/ControlRig_Wedge_1mm.uexp" 843
"../../../Engine/Plugins/Animation/ControlRig/Content/Controls/ControlRig_Wedge_3mm.ubulk" 844
"../../../Engine/Plugins/Animation/ControlRig/Content/Controls/ControlRig_Wedge_3mm.uasset" 845
"../../../Engine/Plugins/Animation/ControlRig/Content/Controls/ControlRig_Wedge_3mm.uexp" 846
"../../../Engine/Plugins/Animation/ControlRig/Content/Controls/ControlRig_Wedge_solid.ubulk" 847
"../../../Engine/Plugins/Animation/ControlRig/Content/Controls/ControlRig_Wedge_solid.uasset" 848
"../../../Engine/Plugins/Animation/ControlRig/Content/Controls/ControlRig_Wedge_solid.uexp" 849
"../../../Engine/Content/EditorLandscapeResources/ColorMaskBrushMaterial.uasset" 850
"../../../Engine/Content/EditorLandscapeResources/ColorMaskBrushMaterial.uexp" 851
"../../../Engine/Content/EditorLandscapeResources/ColorMaskBrushMaterial_MaskedRegion.uasset" 852
"../../../Engine/Content/EditorLandscapeResources/ColorMaskBrushMaterial_MaskedRegion.uexp" 853
"../../../Engine/Content/Functions/Engine_MaterialFunctions03/Math/WithinRangeFloat2.uasset" 854
"../../../Engine/Content/Functions/Engine_MaterialFunctions03/Math/WithinRangeFloat2.uexp" 855
"../../../Engine/Content/EditorLandscapeResources/MaskBrushMaterial.uasset" 856
"../../../Engine/Content/EditorLandscapeResources/MaskBrushMaterial.uexp" 857
"../../../Engine/Content/EditorLandscapeResources/MaskBrushMaterial_MaskedRegion.uasset" 858
"../../../Engine/Content/EditorLandscapeResources/MaskBrushMaterial_MaskedRegion.uexp" 859
"../../../Engine/Content/EditorLandscapeResources/SelectBrushMaterial.uasset" 860
"../../../Engine/Content/EditorLandscapeResources/SelectBrushMaterial.uexp" 861
"../../../Engine/Content/EditorLandscapeResources/SelectBrushMaterial_Selected.uasset" 862
"../../../Engine/Content/EditorLandscapeResources/SelectBrushMaterial_Selected.uexp" 863
"../../../Engine/Content/EditorLandscapeResources/SelectBrushMaterial_SelectedRegion.uasset" 864
"../../../Engine/Content/EditorLandscapeResources/SelectBrushMaterial_SelectedRegion.uexp" 865
"../../../Engine/Content/EngineMaterials/WeightMapPlaceholderTexture.uasset" 866
"../../../Engine/Content/EngineMaterials/WeightMapPlaceholderTexture.uexp" 867
"../../../Engine/Content/EngineMaterials/WeightMapArrayPlaceholderTexture.uasset" 868
"../../../Engine/Content/EngineMaterials/WeightMapArrayPlaceholderTexture.uexp" 869
"../../../Engine/Content/EngineResources/WhiteSquareTexture.uasset" 870
"../../../Engine/Content/EngineResources/WhiteSquareTexture.uexp" 871
"../../../Engine/Content/EngineMaterials/Widget3DPassThrough.uasset" 872
"../../../Engine/Content/EngineMaterials/Widget3DPassThrough.uexp" 873
"../../../Engine/Content/EngineMaterials/Widget3DPassThrough_Masked.uasset" 874
"../../../Engine/Content/EngineMaterials/Widget3DPassThrough_Masked.uexp" 875
"../../../Engine/Content/EngineMaterials/Widget3DPassThrough_Opaque.uasset" 876
"../../../Engine/Content/EngineMaterials/Widget3DPassThrough_Opaque.uexp" 877
"../../../Engine/Content/EngineMaterials/Widget3DPassThrough_Masked_OneSided.uasset" 878
"../../../Engine/Content/EngineMaterials/Widget3DPassThrough_Masked_OneSided.uexp" 879
"../../../Engine/Content/EngineMaterials/Widget3DPassThrough_Opaque_OneSided.uasset" 880
"../../../Engine/Content/EngineMaterials/Widget3DPassThrough_Opaque_OneSided.uexp" 881
"../../../Engine/Content/EngineMaterials/Widget3DPassThrough_Translucent.uasset" 882
"../../../Engine/Content/EngineMaterials/Widget3DPassThrough_Translucent.uexp" 883
"../../../Engine/Content/EngineMaterials/Widget3DPassThrough_Translucent_OneSided.uasset" 884
"../../../Engine/Content/EngineMaterials/Widget3DPassThrough_Translucent_OneSided.uexp" 885
"../../../Engine/Content/EngineMaterials/DefaultMaterial.uasset" 886
"../../../Engine/Content/EngineMaterials/DefaultMaterial.uexp" 887
"../../../Engine/Content/BasicShapes/Cone.ubulk" 888
"../../../Engine/Content/BasicShapes/Cone.uasset" 889
"../../../Engine/Content/BasicShapes/Cone.uexp" 890
"../../../Engine/Content/BasicShapes/Cylinder.ubulk" 891
"../../../Engine/Content/BasicShapes/Cylinder.uasset" 892
"../../../Engine/Content/BasicShapes/Cylinder.uexp" 893
"../../../Engine/Content/BasicShapes/Plane.ubulk" 894
"../../../Engine/Content/BasicShapes/Plane.uasset" 895
"../../../Engine/Content/BasicShapes/Plane.uexp" 896
"../../../Engine/Plugins/2D/Paper2D/Content/DefaultSpriteMaterial.uasset" 897
"../../../Engine/Plugins/2D/Paper2D/Content/DefaultSpriteMaterial.uexp" 898
"../../../Engine/Plugins/2D/Paper2D/Content/MaskedUnlitSpriteMaterial.uasset" 899
"../../../Engine/Plugins/2D/Paper2D/Content/MaskedUnlitSpriteMaterial.uexp" 900
"../../../Engine/Plugins/2D/Paper2D/Content/OpaqueUnlitSpriteMaterial.uasset" 901
"../../../Engine/Plugins/2D/Paper2D/Content/OpaqueUnlitSpriteMaterial.uexp" 902
"../../../Engine/Plugins/Media/MediaPlate/Content/SM_MediaPlateScreen.ubulk" 903
"../../../Engine/Plugins/Media/MediaPlate/Content/SM_MediaPlateScreen.uasset" 904
"../../../Engine/Plugins/Media/MediaPlate/Content/SM_MediaPlateScreen.uexp" 905
"../../../Engine/Plugins/NNE/NNEDenoiser/Content/NNE_oidn2-3-0_rt_hdr_alb_nrm_small__dyn__fp16_opset11_DenoiseAlpha.uasset" 906
"../../../Engine/Plugins/NNE/NNEDenoiser/Content/NNE_oidn2-3-0_rt_hdr_alb_nrm_small__dyn__fp16_opset11_DenoiseAlpha.uexp" 907
"../../../Engine/Plugins/NNE/NNEDenoiser/Content/NNE_oidn2-3-0_rt_hdr_alb_nrm_small__dyn__fp16_opset11_ForwardAlpha.uasset" 908
"../../../Engine/Plugins/NNE/NNEDenoiser/Content/NNE_oidn2-3-0_rt_hdr_alb_nrm_small__dyn__fp16_opset11_ForwardAlpha.uexp" 909
"../../../Engine/Plugins/NNE/NNEDenoiser/Content/NNE_oidn2-3-0_rt_hdr_alb_nrm__dyn__fp16_opset11_DenoiseAlpha.uasset" 910
"../../../Engine/Plugins/NNE/NNEDenoiser/Content/NNE_oidn2-3-0_rt_hdr_alb_nrm__dyn__fp16_opset11_DenoiseAlpha.uexp" 911
"../../../Engine/Plugins/NNE/NNEDenoiser/Content/NNE_oidn2-3-0_rt_hdr_alb_nrm__dyn__fp16_opset11_ForwardAlpha.uasset" 912
"../../../Engine/Plugins/NNE/NNEDenoiser/Content/NNE_oidn2-3-0_rt_hdr_alb_nrm__dyn__fp16_opset11_ForwardAlpha.uexp" 913
"../../../Engine/Plugins/NNE/NNEDenoiser/Content/NNE_oidn2-3-0_rt_hdr_calb_cnrm_large__dyn__fp16_opset11_DenoiseAlpha.uasset" 914
"../../../Engine/Plugins/NNE/NNEDenoiser/Content/NNE_oidn2-3-0_rt_hdr_calb_cnrm_large__dyn__fp16_opset11_DenoiseAlpha.uexp" 915
"../../../Engine/Plugins/NNE/NNEDenoiser/Content/NNE_oidn2-3-0_rt_hdr_calb_cnrm_large__dyn__fp16_opset11_ForwardAlpha.uasset" 916
"../../../Engine/Plugins/NNE/NNEDenoiser/Content/NNE_oidn2-3-0_rt_hdr_calb_cnrm_large__dyn__fp16_opset11_ForwardAlpha.uexp" 917
"../../../Engine/Plugins/Animation/DeformerGraph/Content/DeformerFunctions/DG_Function_LinearBlendSkin_Morph_Cloth.uasset" 918
"../../../Engine/Plugins/Animation/DeformerGraph/Content/DeformerFunctions/DG_Function_LinearBlendSkin_Morph_Cloth.uexp" 919
"../../../Engine/Plugins/Animation/DeformerGraph/Content/Deformers/DG_LinearBlendSkin_Morph_Cloth.uasset" 920
"../../../Engine/Plugins/Animation/DeformerGraph/Content/Deformers/DG_LinearBlendSkin_Morph_Cloth.uexp" 921
"../../../Engine/Plugins/Animation/DeformerGraph/Content/DeformerFunctions/DG_Function_LinearBlendSkin_Morph_Cloth_PositionOnly.uasset" 922
"../../../Engine/Plugins/Animation/DeformerGraph/Content/DeformerFunctions/DG_Function_LinearBlendSkin_Morph_Cloth_PositionOnly.uexp" 923
"../../../Engine/Plugins/Animation/DeformerGraph/Content/DeformerFunctions/DG_Function_ComputeNormalsTangents.uasset" 924
"../../../Engine/Plugins/Animation/DeformerGraph/Content/DeformerFunctions/DG_Function_ComputeNormalsTangents.uexp" 925
"../../../Engine/Plugins/Animation/DeformerGraph/Content/Deformers/DG_LinearBlendSkin_Morph_Cloth_RecomputeNormals.uasset" 926
"../../../Engine/Plugins/Animation/DeformerGraph/Content/Deformers/DG_LinearBlendSkin_Morph_Cloth_RecomputeNormals.uexp" 927
"../../../Engine/Plugins/NNE/NNEDenoiser/Content/NNEDT_Oidn2-3_Balanced.uasset" 928
"../../../Engine/Plugins/NNE/NNEDenoiser/Content/NNEDT_Oidn2-3_Balanced.uexp" 929
"../../../Engine/Plugins/NNE/NNEDenoiser/Content/NNEDT_Oidn2-3_Balanced_Alpha.uasset" 930
"../../../Engine/Plugins/NNE/NNEDenoiser/Content/NNEDT_Oidn2-3_Balanced_Alpha.uexp" 931
"../../../Engine/Plugins/NNE/NNEDenoiser/Content/NNED_Oidn2-3_Balanced.uasset" 932
"../../../Engine/Plugins/NNE/NNEDenoiser/Content/NNED_Oidn2-3_Balanced.uexp" 933
"../../../Engine/Plugins/NNE/NNEDenoiser/Content/NNED_Oidn2-3_Balanced_Alpha.uasset" 934
"../../../Engine/Plugins/NNE/NNEDenoiser/Content/NNED_Oidn2-3_Balanced_Alpha.uexp" 935
"../../../Engine/Plugins/NNE/NNEDenoiser/Content/NNED_Oidn2-3_Fast.uasset" 936
"../../../Engine/Plugins/NNE/NNEDenoiser/Content/NNED_Oidn2-3_Fast.uexp" 937
"../../../Engine/Plugins/NNE/NNEDenoiser/Content/NNED_Oidn2-3_Fast_Alpha.uasset" 938
"../../../Engine/Plugins/NNE/NNEDenoiser/Content/NNED_Oidn2-3_Fast_Alpha.uexp" 939
"../../../Engine/Plugins/NNE/NNEDenoiser/Content/NNED_Oidn2-3_HighQuality.uasset" 940
"../../../Engine/Plugins/NNE/NNEDenoiser/Content/NNED_Oidn2-3_HighQuality.uexp" 941
"../../../Engine/Plugins/NNE/NNEDenoiser/Content/NNED_Oidn2-3_HighQuality_Alpha.uasset" 942
"../../../Engine/Plugins/NNE/NNEDenoiser/Content/NNED_Oidn2-3_HighQuality_Alpha.uexp" 943
"D:/CollectAndSurvive/Content/WBP_MainMenu.uasset" 944
"D:/CollectAndSurvive/Content/WBP_MainMenu.uexp" 945
"../../../Engine/Content/MapTemplates/SM_Template_Map_Floor.ubulk" 946
"../../../Engine/Content/MapTemplates/SM_Template_Map_Floor.uasset" 947
"../../../Engine/Content/MapTemplates/SM_Template_Map_Floor.uexp" 948
"../../../Engine/Content/EngineSky/M_SimpleSkyDome.uasset" 949
"../../../Engine/Content/EngineSky/M_SimpleSkyDome.uexp" 950
"../../../Engine/Content/EngineSky/T_Sky_Stars.ubulk" 951
"../../../Engine/Content/EngineSky/T_Sky_Stars.uasset" 952
"../../../Engine/Content/EngineSky/T_Sky_Stars.uexp" 953
"../../../Engine/Content/EngineSky/T_Sky_Clouds_M.ubulk" 954
"../../../Engine/Content/EngineSky/T_Sky_Clouds_M.uasset" 955
"../../../Engine/Content/EngineSky/T_Sky_Clouds_M.uexp" 956
"../../../Engine/Content/EngineSky/T_Sky_Blue.ubulk" 957
"../../../Engine/Content/EngineSky/T_Sky_Blue.uasset" 958
"../../../Engine/Content/EngineSky/T_Sky_Blue.uexp" 959
"../../../Engine/Content/EngineSky/M_Sky_Panning_Clouds2.uasset" 960
"../../../Engine/Content/EngineSky/M_Sky_Panning_Clouds2.uexp" 961
"../../../Engine/Content/EngineSky/SM_SkySphere.ubulk" 962
"../../../Engine/Content/EngineSky/SM_SkySphere.uasset" 963
"../../../Engine/Content/EngineSky/SM_SkySphere.uexp" 964
"../../../Engine/Content/EngineMaterials/BlendFunc_DefBlend.uasset" 965
"../../../Engine/Content/EngineMaterials/BlendFunc_DefBlend.uexp" 966
"../../../Engine/Content/EngineMaterials/BlendFunc_DefBase.uasset" 967
"../../../Engine/Content/EngineMaterials/BlendFunc_DefBase.uexp" 968
"../../../Engine/Content/Functions/Engine_MaterialFunctions03/Blends/Blend_Overlay.uasset" 969
"../../../Engine/Content/Functions/Engine_MaterialFunctions03/Blends/Blend_Overlay.uexp" 970
"../../../Engine/Content/Functions/Engine_MaterialFunctions01/Gradient/LinearGradient.uasset" 971
"../../../Engine/Content/Functions/Engine_MaterialFunctions01/Gradient/LinearGradient.uexp" 972
"../../../Engine/Content/Functions/Engine_MaterialFunctions01/ImageAdjustment/CheapContrast.uasset" 973
"../../../Engine/Content/Functions/Engine_MaterialFunctions01/ImageAdjustment/CheapContrast.uexp" 974
"../../../Engine/Content/OpenWorldTemplate/LandscapeMaterial/T_GridChecker_A.ubulk" 975
"../../../Engine/Content/OpenWorldTemplate/LandscapeMaterial/T_GridChecker_A.uasset" 976
"../../../Engine/Content/OpenWorldTemplate/LandscapeMaterial/T_GridChecker_A.uexp" 977
"../../../Engine/Content/OpenWorldTemplate/LandscapeMaterial/MF_ProcGrid.uasset" 978
"../../../Engine/Content/OpenWorldTemplate/LandscapeMaterial/MF_ProcGrid.uexp" 979
"../../../Engine/Content/OpenWorldTemplate/LandscapeMaterial/M_ProcGrid.uasset" 980
"../../../Engine/Content/OpenWorldTemplate/LandscapeMaterial/M_ProcGrid.uexp" 981
"../../../Engine/Content/OpenWorldTemplate/LandscapeMaterial/MI_ProcGrid.uasset" 982
"../../../Engine/Content/OpenWorldTemplate/LandscapeMaterial/MI_ProcGrid.uexp" 983
"../../../Engine/Content/EngineSky/VolumetricClouds/VT_PerlinWorley_Balanced.uasset" 984
"../../../Engine/Content/EngineSky/VolumetricClouds/VT_PerlinWorley_Balanced.uexp" 985
"../../../Engine/Content/EngineSky/VolumetricClouds/T_Profile_08.ubulk" 986
"../../../Engine/Content/EngineSky/VolumetricClouds/T_Profile_08.uasset" 987
"../../../Engine/Content/EngineSky/VolumetricClouds/T_Profile_08.uexp" 988
"../../../Engine/Content/EngineSky/VolumetricClouds/T_CloudPattern.ubulk" 989
"../../../Engine/Content/EngineSky/VolumetricClouds/T_CloudPattern.uasset" 990
"../../../Engine/Content/EngineSky/VolumetricClouds/T_CloudPattern.uexp" 991
"../../../Engine/Content/EngineSky/VolumetricClouds/T_CloudMask.ubulk" 992
"../../../Engine/Content/EngineSky/VolumetricClouds/T_CloudMask.uasset" 993
"../../../Engine/Content/EngineSky/VolumetricClouds/T_CloudMask.uexp" 994
"../../../Engine/Content/Functions/Engine_MaterialFunctions02/Utility/BreakOutFloat4Components.uasset" 995
"../../../Engine/Content/Functions/Engine_MaterialFunctions02/Utility/BreakOutFloat4Components.uexp" 996
"../../../Engine/Content/Functions/Engine_MaterialFunctions02/Utility/MakeFloat4.uasset" 997
"../../../Engine/Content/Functions/Engine_MaterialFunctions02/Utility/MakeFloat4.uexp" 998
"../../../Engine/Content/EngineResources/DefaultVolumeTexture2D.uasset" 999
"../../../Engine/Content/EngineResources/DefaultVolumeTexture2D.uexp" 1000
"../../../Engine/Content/EngineResources/DefaultVolumeTexture.uasset" 1001
"../../../Engine/Content/EngineResources/DefaultVolumeTexture.uexp" 1002
"../../../Engine/Content/EngineSky/VolumetricClouds/VT_Lightning.uasset" 1003
"../../../Engine/Content/EngineSky/VolumetricClouds/VT_Lightning.uexp" 1004
"../../../Engine/Content/Functions/Engine_MaterialFunctions01/Units/Km-to-Cm.uasset" 1005
"../../../Engine/Content/Functions/Engine_MaterialFunctions01/Units/Km-to-Cm.uexp" 1006
"../../../Engine/Content/EngineSky/VolumetricClouds/m_SimpleVolumetricCloud.uasset" 1007
"../../../Engine/Content/EngineSky/VolumetricClouds/m_SimpleVolumetricCloud.uexp" 1008
"../../../Engine/Content/EngineSky/VolumetricClouds/m_SimpleVolumetricCloud_Inst.uasset" 1009
"../../../Engine/Content/EngineSky/VolumetricClouds/m_SimpleVolumetricCloud_Inst.uexp" 1010
"D:/CollectAndSurvive/Content/Maps/MainMenu.uexp" 1011
"D:/CollectAndSurvive/Content/Maps/MainMenu.umap" 1012
"../../../Engine/Content/BasicShapes/Cube.ubulk" 1013
"../../../Engine/Content/BasicShapes/Cube.uasset" 1014
"../../../Engine/Content/BasicShapes/Cube.uexp" 1015
"../../../Engine/Content/BasicShapes/Sphere.ubulk" 1016
"../../../Engine/Content/BasicShapes/Sphere.uasset" 1017
"../../../Engine/Content/BasicShapes/Sphere.uexp" 1018
"../../../Engine/Content/BasicShapes/BasicShapeMaterial.uasset" 1019
"../../../Engine/Content/BasicShapes/BasicShapeMaterial.uexp" 1020
"D:/CollectAndSurvive/Content/WBP_Pause.uasset" 1021
"D:/CollectAndSurvive/Content/WBP_Pause.uexp" 1022
"D:/CollectAndSurvive/Content/WBP_GameOver.uasset" 1023
"D:/CollectAndSurvive/Content/WBP_GameOver.uexp" 1024
"D:/CollectAndSurvive/Content/Input/Actions/IA_MouseLook.uasset" 1025
"D:/CollectAndSurvive/Content/Input/Actions/IA_MouseLook.uexp" 1026
"D:/CollectAndSurvive/Content/Input/IMC_MouseLook.uasset" 1027
"D:/CollectAndSurvive/Content/Input/IMC_MouseLook.uexp" 1028
"D:/CollectAndSurvive/Content/Input/Actions/IA_Jump.uasset" 1029
"D:/CollectAndSurvive/Content/Input/Actions/IA_Jump.uexp" 1030
"D:/CollectAndSurvive/Content/Input/Actions/IA_Look.uasset" 1031
"D:/CollectAndSurvive/Content/Input/Actions/IA_Look.uexp" 1032
"D:/CollectAndSurvive/Content/Input/Actions/IA_Move.uasset" 1033
"D:/CollectAndSurvive/Content/Input/Actions/IA_Move.uexp" 1034
"D:/CollectAndSurvive/Content/Input/IMC_Default.uasset" 1035
"D:/CollectAndSurvive/Content/Input/IMC_Default.uexp" 1036
"../../../Engine/Content/MobileResources/HUD/VirtualJoystick_Thumb.uasset" 1037
"../../../Engine/Content/MobileResources/HUD/VirtualJoystick_Thumb.uexp" 1038
"D:/CollectAndSurvive/Content/Input/Touch/BPI_TouchInterface.uasset" 1039
"D:/CollectAndSurvive/Content/Input/Touch/BPI_TouchInterface.uexp" 1040
"../../../Engine/Content/MobileResources/HUD/VirtualJoystick_Background.uasset" 1041
"../../../Engine/Content/MobileResources/HUD/VirtualJoystick_Background.uexp" 1042
"D:/CollectAndSurvive/Content/Input/Touch/UI_Thumbstick.uasset" 1043
"D:/CollectAndSurvive/Content/Input/Touch/UI_Thumbstick.uexp" 1044
"D:/CollectAndSurvive/Content/Input/Touch/UI_TouchSimple.uasset" 1045
"D:/CollectAndSurvive/Content/Input/Touch/UI_TouchSimple.uexp" 1046
"D:/CollectAndSurvive/Content/Characters/Mannequins/Rigs/PA_Mannequin.uasset" 1047
"D:/CollectAndSurvive/Content/Characters/Mannequins/Rigs/PA_Mannequin.uexp" 1048
"D:/CollectAndSurvive/Content/Characters/Mannequins/Meshes/SK_Mannequin.uasset" 1049
"D:/CollectAndSurvive/Content/Characters/Mannequins/Meshes/SK_Mannequin.uexp" 1050
"D:/CollectAndSurvive/Content/Characters/Mannequins/Textures/Manny/T_Manny_01_BN.ubulk" 1051
"D:/CollectAndSurvive/Content/Characters/Mannequins/Textures/Manny/T_Manny_01_BN.uasset" 1052
"D:/CollectAndSurvive/Content/Characters/Mannequins/Textures/Manny/T_Manny_01_BN.uexp" 1053
"D:/CollectAndSurvive/Content/Characters/Mannequins/Textures/Manny/T_Manny_01_D.ubulk" 1054
"D:/CollectAndSurvive/Content/Characters/Mannequins/Textures/Manny/T_Manny_01_D.uasset" 1055
"D:/CollectAndSurvive/Content/Characters/Mannequins/Textures/Manny/T_Manny_01_D.uexp" 1056
"D:/CollectAndSurvive/Content/Characters/Mannequins/Textures/Manny/T_Manny_01_MRA.ubulk" 1057
"D:/CollectAndSurvive/Content/Characters/Mannequins/Textures/Manny/T_Manny_01_MRA.uasset" 1058
"D:/CollectAndSurvive/Content/Characters/Mannequins/Textures/Manny/T_Manny_01_MRA.uexp" 1059
"D:/CollectAndSurvive/Content/Characters/Mannequins/Textures/Shared/T_UE_Logo_M.uasset" 1060
"D:/CollectAndSurvive/Content/Characters/Mannequins/Textures/Shared/T_UE_Logo_M.uexp" 1061
"D:/CollectAndSurvive/Content/Characters/Mannequins/Materials/M_Mannequin.uasset" 1062
"D:/CollectAndSurvive/Content/Characters/Mannequins/Materials/M_Mannequin.uexp" 1063
"D:/CollectAndSurvive/Content/Characters/Mannequins/Textures/Quinn/T_Quinn_01_N.ubulk" 1064
"D:/CollectAndSurvive/Content/Characters/Mannequins/Textures/Quinn/T_Quinn_01_N.uasset" 1065
"D:/CollectAndSurvive/Content/Characters/Mannequins/Textures/Quinn/T_Quinn_01_N.uexp" 1066
"D:/CollectAndSurvive/Content/Characters/Mannequins/Textures/Quinn/T_Quinn_01_MRA.ubulk" 1067
"D:/CollectAndSurvive/Content/Characters/Mannequins/Textures/Quinn/T_Quinn_01_MRA.uasset" 1068
"D:/CollectAndSurvive/Content/Characters/Mannequins/Textures/Quinn/T_Quinn_01_MRA.uexp" 1069
"D:/CollectAndSurvive/Content/Characters/Mannequins/Textures/Quinn/T_Quinn_01_D.ubulk" 1070
"D:/CollectAndSurvive/Content/Characters/Mannequins/Textures/Quinn/T_Quinn_01_D.uasset" 1071
"D:/CollectAndSurvive/Content/Characters/Mannequins/Textures/Quinn/T_Quinn_01_D.uexp" 1072
"D:/CollectAndSurvive/Content/Characters/Mannequins/Materials/Quinn/MI_Quinn_01.uasset" 1073
"D:/CollectAndSurvive/Content/Characters/Mannequins/Materials/Quinn/MI_Quinn_01.uexp" 1074
"D:/CollectAndSurvive/Content/Characters/Mannequins/Textures/Quinn/T_Quinn_02_N.ubulk" 1075
"D:/CollectAndSurvive/Content/Characters/Mannequins/Textures/Quinn/T_Quinn_02_N.uasset" 1076
"D:/CollectAndSurvive/Content/Characters/Mannequins/Textures/Quinn/T_Quinn_02_N.uexp" 1077
"D:/CollectAndSurvive/Content/Characters/Mannequins/Textures/Quinn/T_Quinn_02_MRA.ubulk" 1078
"D:/CollectAndSurvive/Content/Characters/Mannequins/Textures/Quinn/T_Quinn_02_MRA.uasset" 1079
"D:/CollectAndSurvive/Content/Characters/Mannequins/Textures/Quinn/T_Quinn_02_MRA.uexp" 1080
"D:/CollectAndSurvive/Content/Characters/Mannequins/Textures/Quinn/T_Quinn_02_D.ubulk" 1081
"D:/CollectAndSurvive/Content/Characters/Mannequins/Textures/Quinn/T_Quinn_02_D.uasset" 1082
"D:/CollectAndSurvive/Content/Characters/Mannequins/Textures/Quinn/T_Quinn_02_D.uexp" 1083
"D:/CollectAndSurvive/Content/Characters/Mannequins/Materials/Quinn/MI_Quinn_02.uasset" 1084
"D:/CollectAndSurvive/Content/Characters/Mannequins/Materials/Quinn/MI_Quinn_02.uexp" 1085
"D:/CollectAndSurvive/Content/Characters/Mannequins/Meshes/SKM_Quinn_Simple.uasset" 1086
"D:/CollectAndSurvive/Content/Characters/Mannequins/Meshes/SKM_Quinn_Simple.uexp" 1087
"../../../Engine/Plugins/Animation/ControlRig/Content/Controls/DefaultGizmoLibraryNormalized.uasset" 1088
"../../../Engine/Plugins/Animation/ControlRig/Content/Controls/DefaultGizmoLibraryNormalized.uexp" 1089
"D:/CollectAndSurvive/Content/Characters/Mannequins/Rigs/CR_Mannequin_FootIK.uasset" 1090
"D:/CollectAndSurvive/Content/Characters/Mannequins/Rigs/CR_Mannequin_FootIK.uexp" 1091
"../../../Engine/Content/Animation/DefaultVariableFrameStrippingSettings.uasset" 1092
"../../../Engine/Content/Animation/DefaultVariableFrameStrippingSettings.uexp" 1093
"../../../Engine/Content/Animation/DefaultAnimCurveCompressionSettings.uasset" 1094
"../../../Engine/Content/Animation/DefaultAnimCurveCompressionSettings.uexp" 1095
"../../../Engine/Content/Animation/DefaultAnimBoneCompressionSettings.uasset" 1096
"../../../Engine/Content/Animation/DefaultAnimBoneCompressionSettings.uexp" 1097
"D:/CollectAndSurvive/Content/Characters/Mannequins/Anims/Unarmed/MM_Idle.uasset" 1098
"D:/CollectAndSurvive/Content/Characters/Mannequins/Anims/Unarmed/MM_Idle.uexp" 1099
"D:/CollectAndSurvive/Content/Characters/Mannequins/Anims/Unarmed/Jog/MF_Unarmed_Jog_Bwd.uasset" 1100
"D:/CollectAndSurvive/Content/Characters/Mannequins/Anims/Unarmed/Jog/MF_Unarmed_Jog_Bwd.uexp" 1101
"D:/CollectAndSurvive/Content/Characters/Mannequins/Anims/Unarmed/Jog/MF_Unarmed_Jog_Fwd.uasset" 1102
"D:/CollectAndSurvive/Content/Characters/Mannequins/Anims/Unarmed/Jog/MF_Unarmed_Jog_Fwd.uexp" 1103
"D:/CollectAndSurvive/Content/Characters/Mannequins/Anims/Unarmed/Jog/MF_Unarmed_Jog_Left.uasset" 1104
"D:/CollectAndSurvive/Content/Characters/Mannequins/Anims/Unarmed/Jog/MF_Unarmed_Jog_Left.uexp" 1105
"D:/CollectAndSurvive/Content/Characters/Mannequins/Anims/Unarmed/Jog/MF_Unarmed_Jog_Right.uasset" 1106
"D:/CollectAndSurvive/Content/Characters/Mannequins/Anims/Unarmed/Jog/MF_Unarmed_Jog_Right.uexp" 1107
"D:/CollectAndSurvive/Content/Characters/Mannequins/Anims/Unarmed/Walk/MF_Unarmed_Walk_Bwd.uasset" 1108
"D:/CollectAndSurvive/Content/Characters/Mannequins/Anims/Unarmed/Walk/MF_Unarmed_Walk_Bwd.uexp" 1109
"D:/CollectAndSurvive/Content/Characters/Mannequins/Anims/Unarmed/Walk/MF_Unarmed_Walk_Fwd.uasset" 1110
"D:/CollectAndSurvive/Content/Characters/Mannequins/Anims/Unarmed/Walk/MF_Unarmed_Walk_Fwd.uexp" 1111
"D:/CollectAndSurvive/Content/Characters/Mannequins/Anims/Unarmed/Walk/MF_Unarmed_Walk_Left.uasset" 1112
"D:/CollectAndSurvive/Content/Characters/Mannequins/Anims/Unarmed/Walk/MF_Unarmed_Walk_Left.uexp" 1113
"../../../Engine/Plugins/Animation/ACLPlugin/Content/ACLAnimCurveCompressionSettings.uasset" 1114
"../../../Engine/Plugins/Animation/ACLPlugin/Content/ACLAnimCurveCompressionSettings.uexp" 1115
"D:/CollectAndSurvive/Content/Characters/Mannequins/Anims/Unarmed/Walk/MF_Unarmed_Walk_Right.uasset" 1116
"D:/CollectAndSurvive/Content/Characters/Mannequins/Anims/Unarmed/Walk/MF_Unarmed_Walk_Right.uexp" 1117
"D:/CollectAndSurvive/Content/Characters/Mannequins/Anims/Unarmed/BS_Idle_Walk_Run.uasset" 1118
"D:/CollectAndSurvive/Content/Characters/Mannequins/Anims/Unarmed/BS_Idle_Walk_Run.uexp" 1119
"D:/CollectAndSurvive/Content/Characters/Mannequins/Anims/Unarmed/Jump/MM_Fall_Loop.uasset" 1120
"D:/CollectAndSurvive/Content/Characters/Mannequins/Anims/Unarmed/Jump/MM_Fall_Loop.uexp" 1121
"D:/CollectAndSurvive/Content/Characters/Mannequins/Anims/Unarmed/Jump/MM_Jump.uasset" 1122
"D:/CollectAndSurvive/Content/Characters/Mannequins/Anims/Unarmed/Jump/MM_Jump.uexp" 1123
"D:/CollectAndSurvive/Content/Characters/Mannequins/Anims/Unarmed/Jump/MM_Land.uasset" 1124
"D:/CollectAndSurvive/Content/Characters/Mannequins/Anims/Unarmed/Jump/MM_Land.uexp" 1125
"D:/CollectAndSurvive/Content/Characters/Mannequins/Anims/Unarmed/ABP_Unarmed.uasset" 1126
"D:/CollectAndSurvive/Content/Characters/Mannequins/Anims/Unarmed/ABP_Unarmed.uexp" 1127
"D:/CollectAndSurvive/Content/ThirdPerson/Blueprints/BP_ThirdPersonCharacter.uasset" 1128
"D:/CollectAndSurvive/Content/ThirdPerson/Blueprints/BP_ThirdPersonCharacter.uexp" 1129
"D:/CollectAndSurvive/Content/BP_Obstacle.uasset" 1130
"D:/CollectAndSurvive/Content/BP_Obstacle.uexp" 1131
"D:/CollectAndSurvive/Content/WBP_WinScreen.uasset" 1132
"D:/CollectAndSurvive/Content/WBP_WinScreen.uexp" 1133
"D:/CollectAndSurvive/Content/WBP_Hud.uasset" 1134
"D:/CollectAndSurvive/Content/WBP_Hud.uexp" 1135
"D:/CollectAndSurvive/Content/BP_GameMode.uasset" 1136
"D:/CollectAndSurvive/Content/BP_GameMode.uexp" 1137
"../../../Engine/Content/MapTemplates/Materials/BasicAsset01.uasset" 1138
"../../../Engine/Content/MapTemplates/Materials/BasicAsset01.uexp" 1139
"D:/CollectAndSurvive/Content/BP_Coin.uasset" 1140
"D:/CollectAndSurvive/Content/BP_Coin.uexp" 1141
"D:/CollectAndSurvive/Content/Maps/GameLevel.uexp" 1142
"D:/CollectAndSurvive/Content/Maps/GameLevel.umap" 1143
"../../../Engine/Content/Maps/Entry_BuiltData.uasset" 1144
"../../../Engine/Content/Maps/Entry_BuiltData.uexp" 1145
"../../../Engine/Content/Maps/Entry.uexp" 1146
"../../../Engine/Content/Maps/Entry.umap" 1147
